<?xml version="1.0" encoding="ISO-8859-1" ?>
<link_info>
   <banner>TI ARM Linker PC v20.2.7.LTS</banner>
   <copyright>Copyright (c) 1996-2018 Texas Instruments Incorporated</copyright>
   <link_time>0x66c0d60c</link_time>
   <link_errors>0x0</link_errors>
   <output_file>gpiointerrupt_CC3220S_LAUNCHXL_nortos_ccs.out</output_file>
   <entry_point>
      <name>resetISR</name>
      <address>0x20012025</address>
   </entry_point>
   <input_file_list>
      <input_file id="fl-2">
         <path>.\</path>
         <kind>object</kind>
         <file>gpiointerrupt.obj</file>
         <name>gpiointerrupt.obj</name>
      </input_file>
      <input_file id="fl-3">
         <path>.\syscfg\</path>
         <kind>object</kind>
         <file>ti_drivers_config.obj</file>
         <name>ti_drivers_config.obj</name>
      </input_file>
      <input_file id="fl-4">
         <path>.\</path>
         <kind>object</kind>
         <file>main_nortos.obj</file>
         <name>main_nortos.obj</name>
      </input_file>
      <input_file id="fl-d">
         <kind>object</kind>
         <file>&lt;internal&gt;</file>
         <name>&lt;internal&gt;</name>
      </input_file>
      <input_file id="fl-e">
         <path>C:\ti\simplelink_cc32xx_sdk_5_20_00_06\source\ti\drivers\lib\ccs\m4\</path>
         <kind>archive</kind>
         <file>drivers_cc32xx.a</file>
         <name>I2C.oem4</name>
      </input_file>
      <input_file id="fl-f">
         <path>C:\ti\simplelink_cc32xx_sdk_5_20_00_06\source\ti\drivers\lib\ccs\m4\</path>
         <kind>archive</kind>
         <file>drivers_cc32xx.a</file>
         <name>Timer.oem4</name>
      </input_file>
      <input_file id="fl-10">
         <path>C:\ti\simplelink_cc32xx_sdk_5_20_00_06\source\ti\drivers\lib\ccs\m4\</path>
         <kind>archive</kind>
         <file>drivers_cc32xx.a</file>
         <name>UART.oem4</name>
      </input_file>
      <input_file id="fl-11">
         <path>C:\ti\simplelink_cc32xx_sdk_5_20_00_06\source\ti\drivers\lib\ccs\m4\</path>
         <kind>archive</kind>
         <file>drivers_cc32xx.a</file>
         <name>GPIOCC32XX.oem4</name>
      </input_file>
      <input_file id="fl-12">
         <path>C:\ti\simplelink_cc32xx_sdk_5_20_00_06\source\ti\drivers\lib\ccs\m4\</path>
         <kind>archive</kind>
         <file>drivers_cc32xx.a</file>
         <name>I2CCC32XX.oem4</name>
      </input_file>
      <input_file id="fl-13">
         <path>C:\ti\simplelink_cc32xx_sdk_5_20_00_06\source\ti\drivers\lib\ccs\m4\</path>
         <kind>archive</kind>
         <file>drivers_cc32xx.a</file>
         <name>PowerCC32XX.oem4</name>
      </input_file>
      <input_file id="fl-14">
         <path>C:\ti\simplelink_cc32xx_sdk_5_20_00_06\source\ti\drivers\lib\ccs\m4\</path>
         <kind>archive</kind>
         <file>drivers_cc32xx.a</file>
         <name>PowerCC32XX_asm.oem4</name>
      </input_file>
      <input_file id="fl-15">
         <path>C:\ti\simplelink_cc32xx_sdk_5_20_00_06\source\ti\drivers\lib\ccs\m4\</path>
         <kind>archive</kind>
         <file>drivers_cc32xx.a</file>
         <name>TimerCC32XX.oem4</name>
      </input_file>
      <input_file id="fl-16">
         <path>C:\ti\simplelink_cc32xx_sdk_5_20_00_06\source\ti\drivers\lib\ccs\m4\</path>
         <kind>archive</kind>
         <file>drivers_cc32xx.a</file>
         <name>UARTCC32XX.oem4</name>
      </input_file>
      <input_file id="fl-17">
         <path>C:\ti\simplelink_cc32xx_sdk_5_20_00_06\source\ti\drivers\lib\ccs\m4\</path>
         <kind>archive</kind>
         <file>drivers_cc32xx.a</file>
         <name>List.oem4</name>
      </input_file>
      <input_file id="fl-18">
         <path>C:\ti\simplelink_cc32xx_sdk_5_20_00_06\source\ti\drivers\lib\ccs\m4\</path>
         <kind>archive</kind>
         <file>drivers_cc32xx.a</file>
         <name>RingBuf.oem4</name>
      </input_file>
      <input_file id="fl-19">
         <path>C:\ti\simplelink_cc32xx_sdk_5_20_00_06\kernel\nortos\lib\ccs\m4\</path>
         <kind>archive</kind>
         <file>nortos_cc32xx.a</file>
         <name>NoRTOS.oem4</name>
      </input_file>
      <input_file id="fl-1a">
         <path>C:\ti\simplelink_cc32xx_sdk_5_20_00_06\kernel\nortos\lib\ccs\m4\</path>
         <kind>archive</kind>
         <file>nortos_cc32xx.a</file>
         <name>SemaphoreP_nortos.oem4</name>
      </input_file>
      <input_file id="fl-1b">
         <path>C:\ti\simplelink_cc32xx_sdk_5_20_00_06\kernel\nortos\lib\ccs\m4\</path>
         <kind>archive</kind>
         <file>nortos_cc32xx.a</file>
         <name>ClockPSysTick_nortos.oem4</name>
      </input_file>
      <input_file id="fl-1c">
         <path>C:\ti\simplelink_cc32xx_sdk_5_20_00_06\kernel\nortos\lib\ccs\m4\</path>
         <kind>archive</kind>
         <file>nortos_cc32xx.a</file>
         <name>HwiPCC32XX_nortos.oem4</name>
      </input_file>
      <input_file id="fl-1d">
         <path>C:\ti\simplelink_cc32xx_sdk_5_20_00_06\kernel\nortos\lib\ccs\m4\</path>
         <kind>archive</kind>
         <file>nortos_cc32xx.a</file>
         <name>PowerCC32XX_nortos.oem4</name>
      </input_file>
      <input_file id="fl-1e">
         <path>C:\ti\simplelink_cc32xx_sdk_5_20_00_06\kernel\nortos\lib\ccs\m4\</path>
         <kind>archive</kind>
         <file>nortos_cc32xx.a</file>
         <name>startup_cc32xx_ccs.oem4</name>
      </input_file>
      <input_file id="fl-1f">
         <path>C:\ti\simplelink_cc32xx_sdk_5_20_00_06\kernel\nortos\lib\ccs\m4\</path>
         <kind>archive</kind>
         <file>nortos_cc32xx.a</file>
         <name>SwiP_nortos.oem4</name>
      </input_file>
      <input_file id="fl-20">
         <path>C:\ti\simplelink_cc32xx_sdk_5_20_00_06\kernel\nortos\lib\ccs\m4\</path>
         <kind>archive</kind>
         <file>nortos_cc32xx.a</file>
         <name>QueueP_nortos.oem4</name>
      </input_file>
      <input_file id="fl-21">
         <path>C:\ti\simplelink_cc32xx_sdk_5_20_00_06\source\ti\devices\cc32xx\driverlib\ccs\Release\</path>
         <kind>archive</kind>
         <file>driverlib.a</file>
         <name>cpu.obj</name>
      </input_file>
      <input_file id="fl-22">
         <path>C:\ti\simplelink_cc32xx_sdk_5_20_00_06\source\ti\devices\cc32xx\driverlib\ccs\Release\</path>
         <kind>archive</kind>
         <file>driverlib.a</file>
         <name>i2c.obj</name>
      </input_file>
      <input_file id="fl-23">
         <path>C:\ti\simplelink_cc32xx_sdk_5_20_00_06\source\ti\devices\cc32xx\driverlib\ccs\Release\</path>
         <kind>archive</kind>
         <file>driverlib.a</file>
         <name>interrupt.obj</name>
      </input_file>
      <input_file id="fl-24">
         <path>C:\ti\simplelink_cc32xx_sdk_5_20_00_06\source\ti\devices\cc32xx\driverlib\ccs\Release\</path>
         <kind>archive</kind>
         <file>driverlib.a</file>
         <name>pin.obj</name>
      </input_file>
      <input_file id="fl-25">
         <path>C:\ti\simplelink_cc32xx_sdk_5_20_00_06\source\ti\devices\cc32xx\driverlib\ccs\Release\</path>
         <kind>archive</kind>
         <file>driverlib.a</file>
         <name>prcm.obj</name>
      </input_file>
      <input_file id="fl-26">
         <path>C:\ti\simplelink_cc32xx_sdk_5_20_00_06\source\ti\devices\cc32xx\driverlib\ccs\Release\</path>
         <kind>archive</kind>
         <file>driverlib.a</file>
         <name>timer.obj</name>
      </input_file>
      <input_file id="fl-27">
         <path>C:\ti\simplelink_cc32xx_sdk_5_20_00_06\source\ti\devices\cc32xx\driverlib\ccs\Release\</path>
         <kind>archive</kind>
         <file>driverlib.a</file>
         <name>uart.obj</name>
      </input_file>
      <input_file id="fl-28">
         <path>C:\ti\simplelink_cc32xx_sdk_5_20_00_06\source\ti\devices\cc32xx\driverlib\ccs\Release\</path>
         <kind>archive</kind>
         <file>driverlib.a</file>
         <name>utils.obj</name>
      </input_file>
      <input_file id="fl-29">
         <path>C:\ti\simplelink_cc32xx_sdk_5_20_00_06\source\ti\devices\cc32xx\driverlib\ccs\Release\</path>
         <kind>archive</kind>
         <file>driverlib.a</file>
         <name>flash.obj</name>
      </input_file>
      <input_file id="fl-df">
         <path>C:\ti\ccs1270\ccs\tools\compiler\ti-cgt-arm_20.2.7.LTS\lib\</path>
         <kind>archive</kind>
         <file>rtsv7M4_T_le_eabi.lib</file>
         <name>snprintf.c.obj</name>
      </input_file>
      <input_file id="fl-e0">
         <path>C:\ti\ccs1270\ccs\tools\compiler\ti-cgt-arm_20.2.7.LTS\lib\</path>
         <kind>archive</kind>
         <file>rtsv7M4_T_le_eabi.lib</file>
         <name>fs_mul_t2.asm.obj</name>
      </input_file>
      <input_file id="fl-e1">
         <path>C:\ti\ccs1270\ccs\tools\compiler\ti-cgt-arm_20.2.7.LTS\lib\</path>
         <kind>archive</kind>
         <file>rtsv7M4_T_le_eabi.lib</file>
         <name>fs_toi_t2.asm.obj</name>
      </input_file>
      <input_file id="fl-e2">
         <path>C:\ti\ccs1270\ccs\tools\compiler\ti-cgt-arm_20.2.7.LTS\lib\</path>
         <kind>archive</kind>
         <file>rtsv7M4_T_le_eabi.lib</file>
         <name>i_tofs_t2.asm.obj</name>
      </input_file>
      <input_file id="fl-e3">
         <path>C:\ti\ccs1270\ccs\tools\compiler\ti-cgt-arm_20.2.7.LTS\lib\</path>
         <kind>archive</kind>
         <file>rtsv7M4_T_le_eabi.lib</file>
         <name>ll_mul_t2.asm.obj</name>
      </input_file>
      <input_file id="fl-e4">
         <path>C:\ti\ccs1270\ccs\tools\compiler\ti-cgt-arm_20.2.7.LTS\lib\</path>
         <kind>archive</kind>
         <file>rtsv7M4_T_le_eabi.lib</file>
         <name>memcpy_t2.asm.obj</name>
      </input_file>
      <input_file id="fl-e5">
         <path>C:\ti\ccs1270\ccs\tools\compiler\ti-cgt-arm_20.2.7.LTS\lib\</path>
         <kind>archive</kind>
         <file>rtsv7M4_T_le_eabi.lib</file>
         <name>ull_div_t2.asm.obj</name>
      </input_file>
      <input_file id="fl-e6">
         <path>C:\ti\ccs1270\ccs\tools\compiler\ti-cgt-arm_20.2.7.LTS\lib\</path>
         <kind>archive</kind>
         <file>rtsv7M4_T_le_eabi.lib</file>
         <name>copy_zero_init.c.obj</name>
      </input_file>
      <input_file id="fl-e7">
         <path>C:\ti\ccs1270\ccs\tools\compiler\ti-cgt-arm_20.2.7.LTS\lib\</path>
         <kind>archive</kind>
         <file>rtsv7M4_T_le_eabi.lib</file>
         <name>copy_decompress_none.c.obj</name>
      </input_file>
      <input_file id="fl-e8">
         <path>C:\ti\ccs1270\ccs\tools\compiler\ti-cgt-arm_20.2.7.LTS\lib\</path>
         <kind>archive</kind>
         <file>rtsv7M4_T_le_eabi.lib</file>
         <name>copy_decompress_lzss.c.obj</name>
      </input_file>
      <input_file id="fl-e9">
         <path>C:\ti\ccs1270\ccs\tools\compiler\ti-cgt-arm_20.2.7.LTS\lib\</path>
         <kind>archive</kind>
         <file>rtsv7M4_T_le_eabi.lib</file>
         <name>memory.c.obj</name>
      </input_file>
      <input_file id="fl-ea">
         <path>C:\ti\ccs1270\ccs\tools\compiler\ti-cgt-arm_20.2.7.LTS\lib\</path>
         <kind>archive</kind>
         <file>rtsv7M4_T_le_eabi.lib</file>
         <name>boot_cortex_m.c.obj</name>
      </input_file>
      <input_file id="fl-eb">
         <path>C:\ti\ccs1270\ccs\tools\compiler\ti-cgt-arm_20.2.7.LTS\lib\</path>
         <kind>archive</kind>
         <file>rtsv7M4_T_le_eabi.lib</file>
         <name>_printfi.c.obj</name>
      </input_file>
      <input_file id="fl-ec">
         <path>C:\ti\ccs1270\ccs\tools\compiler\ti-cgt-arm_20.2.7.LTS\lib\</path>
         <kind>archive</kind>
         <file>rtsv7M4_T_le_eabi.lib</file>
         <name>div0.asm.obj</name>
      </input_file>
      <input_file id="fl-ed">
         <path>C:\ti\ccs1270\ccs\tools\compiler\ti-cgt-arm_20.2.7.LTS\lib\</path>
         <kind>archive</kind>
         <file>rtsv7M4_T_le_eabi.lib</file>
         <name>fd_add_t2.asm.obj</name>
      </input_file>
      <input_file id="fl-ee">
         <path>C:\ti\ccs1270\ccs\tools\compiler\ti-cgt-arm_20.2.7.LTS\lib\</path>
         <kind>archive</kind>
         <file>rtsv7M4_T_le_eabi.lib</file>
         <name>fd_cmp_t2.asm.obj</name>
      </input_file>
      <input_file id="fl-ef">
         <path>C:\ti\ccs1270\ccs\tools\compiler\ti-cgt-arm_20.2.7.LTS\lib\</path>
         <kind>archive</kind>
         <file>rtsv7M4_T_le_eabi.lib</file>
         <name>fd_div_t2.asm.obj</name>
      </input_file>
      <input_file id="fl-f0">
         <path>C:\ti\ccs1270\ccs\tools\compiler\ti-cgt-arm_20.2.7.LTS\lib\</path>
         <kind>archive</kind>
         <file>rtsv7M4_T_le_eabi.lib</file>
         <name>fd_mul_t2.asm.obj</name>
      </input_file>
      <input_file id="fl-f1">
         <path>C:\ti\ccs1270\ccs\tools\compiler\ti-cgt-arm_20.2.7.LTS\lib\</path>
         <kind>archive</kind>
         <file>rtsv7M4_T_le_eabi.lib</file>
         <name>fd_toi_t2.asm.obj</name>
      </input_file>
      <input_file id="fl-f2">
         <path>C:\ti\ccs1270\ccs\tools\compiler\ti-cgt-arm_20.2.7.LTS\lib\</path>
         <kind>archive</kind>
         <file>rtsv7M4_T_le_eabi.lib</file>
         <name>i_tofd_t2.asm.obj</name>
      </input_file>
      <input_file id="fl-f3">
         <path>C:\ti\ccs1270\ccs\tools\compiler\ti-cgt-arm_20.2.7.LTS\lib\</path>
         <kind>archive</kind>
         <file>rtsv7M4_T_le_eabi.lib</file>
         <name>memset_t2.asm.obj</name>
      </input_file>
      <input_file id="fl-f4">
         <path>C:\ti\ccs1270\ccs\tools\compiler\ti-cgt-arm_20.2.7.LTS\lib\</path>
         <kind>archive</kind>
         <file>rtsv7M4_T_le_eabi.lib</file>
         <name>autoinit.c.obj</name>
      </input_file>
      <input_file id="fl-f5">
         <path>C:\ti\ccs1270\ccs\tools\compiler\ti-cgt-arm_20.2.7.LTS\lib\</path>
         <kind>archive</kind>
         <file>rtsv7M4_T_le_eabi.lib</file>
         <name>pre_init.c.obj</name>
      </input_file>
      <input_file id="fl-f6">
         <path>C:\ti\ccs1270\ccs\tools\compiler\ti-cgt-arm_20.2.7.LTS\lib\</path>
         <kind>archive</kind>
         <file>rtsv7M4_T_le_eabi.lib</file>
         <name>cpy_tbl.c.obj</name>
      </input_file>
      <input_file id="fl-f7">
         <path>C:\ti\ccs1270\ccs\tools\compiler\ti-cgt-arm_20.2.7.LTS\lib\</path>
         <kind>archive</kind>
         <file>rtsv7M4_T_le_eabi.lib</file>
         <name>exit.c.obj</name>
      </input_file>
      <input_file id="fl-f8">
         <path>C:\ti\ccs1270\ccs\tools\compiler\ti-cgt-arm_20.2.7.LTS\lib\</path>
         <kind>archive</kind>
         <file>rtsv7M4_T_le_eabi.lib</file>
         <name>_lock.c.obj</name>
      </input_file>
      <input_file id="fl-f9">
         <path>C:\ti\ccs1270\ccs\tools\compiler\ti-cgt-arm_20.2.7.LTS\lib\</path>
         <kind>archive</kind>
         <file>rtsv7M4_T_le_eabi.lib</file>
         <name>_ltoa.c.obj</name>
      </input_file>
      <input_file id="fl-fa">
         <path>C:\ti\ccs1270\ccs\tools\compiler\ti-cgt-arm_20.2.7.LTS\lib\</path>
         <kind>archive</kind>
         <file>rtsv7M4_T_le_eabi.lib</file>
         <name>args_main.c.obj</name>
      </input_file>
      <input_file id="fl-fb">
         <path>C:\ti\ccs1270\ccs\tools\compiler\ti-cgt-arm_20.2.7.LTS\lib\</path>
         <kind>archive</kind>
         <file>rtsv7M4_T_le_eabi.lib</file>
         <name>atoi.c.obj</name>
      </input_file>
      <input_file id="fl-fc">
         <path>C:\ti\ccs1270\ccs\tools\compiler\ti-cgt-arm_20.2.7.LTS\lib\</path>
         <kind>archive</kind>
         <file>rtsv7M4_T_le_eabi.lib</file>
         <name>ctype.c.obj</name>
      </input_file>
      <input_file id="fl-fd">
         <path>C:\ti\ccs1270\ccs\tools\compiler\ti-cgt-arm_20.2.7.LTS\lib\</path>
         <kind>archive</kind>
         <file>rtsv7M4_T_le_eabi.lib</file>
         <name>memccpy.c.obj</name>
      </input_file>
      <input_file id="fl-fe">
         <path>C:\ti\ccs1270\ccs\tools\compiler\ti-cgt-arm_20.2.7.LTS\lib\</path>
         <kind>archive</kind>
         <file>rtsv7M4_T_le_eabi.lib</file>
         <name>strchr.c.obj</name>
      </input_file>
      <input_file id="fl-ff">
         <path>C:\ti\ccs1270\ccs\tools\compiler\ti-cgt-arm_20.2.7.LTS\lib\</path>
         <kind>archive</kind>
         <file>rtsv7M4_T_le_eabi.lib</file>
         <name>strlen.c.obj</name>
      </input_file>
      <input_file id="fl-100">
         <path>C:\ti\ccs1270\ccs\tools\compiler\ti-cgt-arm_20.2.7.LTS\lib\</path>
         <kind>archive</kind>
         <file>rtsv7M4_T_le_eabi.lib</file>
         <name>errno.c.obj</name>
      </input_file>
      <input_file id="fl-101">
         <path>C:\ti\ccs1270\ccs\tools\compiler\ti-cgt-arm_20.2.7.LTS\lib\</path>
         <kind>archive</kind>
         <file>rtsv7M4_T_le_eabi.lib</file>
         <name>wcslen.c.obj</name>
      </input_file>
      <input_file id="fl-102">
         <path>C:\ti\ccs1270\ccs\tools\compiler\ti-cgt-arm_20.2.7.LTS\lib\</path>
         <kind>archive</kind>
         <file>rtsv7M4_T_le_eabi.lib</file>
         <name>s_frexp.c.obj</name>
      </input_file>
      <input_file id="fl-103">
         <path>C:\ti\ccs1270\ccs\tools\compiler\ti-cgt-arm_20.2.7.LTS\lib\</path>
         <kind>archive</kind>
         <file>rtsv7M4_T_le_eabi.lib</file>
         <name>s_scalbn.c.obj</name>
      </input_file>
      <input_file id="fl-104">
         <path>C:\ti\ccs1270\ccs\tools\compiler\ti-cgt-arm_20.2.7.LTS\lib\</path>
         <kind>archive</kind>
         <file>rtsv7M4_T_le_eabi.lib</file>
         <name>s_copysign.c.obj</name>
      </input_file>
   </input_file_list>
   <object_component_list>
      <object_component id="oc-3a5">
         <name>.text:__TI_printfi</name>
         <load_address>0x2000c040</load_address>
         <run_address>0x2000c040</run_address>
         <size>0xa4e</size>
         <input_file_ref idref="fl-eb"/>
      </object_component>
      <object_component id="oc-1df">
         <name>.text:Board_initHook</name>
         <load_address>0x2000ca8e</load_address>
         <run_address>0x2000ca8e</run_address>
         <size>0x2</size>
         <input_file_ref idref="fl-3"/>
      </object_component>
      <object_component id="oc-1d3">
         <name>.text:PRCMCC3200MCUInit</name>
         <load_address>0x2000ca90</load_address>
         <run_address>0x2000ca90</run_address>
         <size>0x42c</size>
         <input_file_ref idref="fl-25"/>
      </object_component>
      <object_component id="oc-791">
         <name>.text:UARTCC32XX_open</name>
         <load_address>0x2000cebc</load_address>
         <run_address>0x2000cebc</run_address>
         <size>0x288</size>
         <input_file_ref idref="fl-16"/>
      </object_component>
      <object_component id="oc-56f">
         <name>.text:_pconv_a</name>
         <load_address>0x2000d144</load_address>
         <run_address>0x2000d144</run_address>
         <size>0x268</size>
         <input_file_ref idref="fl-eb"/>
      </object_component>
      <object_component id="oc-1ed">
         <name>.text:initI2C</name>
         <load_address>0x2000d3ac</load_address>
         <run_address>0x2000d3ac</run_address>
         <size>0x250</size>
         <input_file_ref idref="fl-2"/>
      </object_component>
      <object_component id="oc-2f0">
         <name>.text:GPIO_setConfig</name>
         <load_address>0x2000d5fc</load_address>
         <run_address>0x2000d5fc</run_address>
         <size>0x1e4</size>
         <input_file_ref idref="fl-11"/>
      </object_component>
      <object_component id="oc-55d">
         <name>.text:_pconv_g</name>
         <load_address>0x2000d7e0</load_address>
         <run_address>0x2000d7e0</run_address>
         <size>0x1cc</size>
         <input_file_ref idref="fl-eb"/>
      </object_component>
      <object_component id="oc-7eb">
         <name>.text</name>
         <load_address>0x2000d9ac</load_address>
         <run_address>0x2000d9ac</run_address>
         <size>0x1b6</size>
         <input_file_ref idref="fl-ed"/>
      </object_component>
      <object_component id="oc-2c9">
         <name>.text:I2C_init</name>
         <load_address>0x2000db62</load_address>
         <run_address>0x2000db62</run_address>
         <size>0x2</size>
         <input_file_ref idref="fl-e"/>
      </object_component>
      <object_component id="oc-37e">
         <name>.text:PowerCC32XX_sleepPolicy</name>
         <load_address>0x2000db64</load_address>
         <run_address>0x2000db64</run_address>
         <size>0x19c</size>
         <input_file_ref idref="fl-1d"/>
      </object_component>
      <object_component id="oc-404">
         <name>.text:I2CCC32XX_hwiFxn</name>
         <load_address>0x2000dd00</load_address>
         <run_address>0x2000dd00</run_address>
         <size>0x148</size>
         <input_file_ref idref="fl-12"/>
      </object_component>
      <object_component id="oc-737">
         <name>.text:parkPins</name>
         <load_address>0x2000de48</load_address>
         <run_address>0x2000de48</run_address>
         <size>0x148</size>
         <input_file_ref idref="fl-13"/>
      </object_component>
      <object_component id="oc-569">
         <name>.text:_pconv_e</name>
         <load_address>0x2000df90</load_address>
         <run_address>0x2000df90</run_address>
         <size>0x13c</size>
         <input_file_ref idref="fl-eb"/>
      </object_component>
      <object_component id="oc-515">
         <name>.text:Power_sleep</name>
         <load_address>0x2000e0cc</load_address>
         <run_address>0x2000e0cc</run_address>
         <size>0x138</size>
         <input_file_ref idref="fl-13"/>
      </object_component>
      <object_component id="oc-322">
         <name>.text:Timer_open</name>
         <load_address>0x2000e204</load_address>
         <run_address>0x2000e204</run_address>
         <size>0x138</size>
         <input_file_ref idref="fl-15"/>
      </object_component>
      <object_component id="oc-7d1">
         <name>.text</name>
         <load_address>0x2000e33c</load_address>
         <run_address>0x2000e33c</run_address>
         <size>0x136</size>
         <input_file_ref idref="fl-ef"/>
      </object_component>
      <object_component id="oc-412">
         <name>.text:I2C_transferTimeout</name>
         <load_address>0x2000e472</load_address>
         <run_address>0x2000e472</run_address>
         <size>0x122</size>
         <input_file_ref idref="fl-e"/>
      </object_component>
      <object_component id="oc-77f">
         <name>.text:UARTCC32XX_close</name>
         <load_address>0x2000e594</load_address>
         <run_address>0x2000e594</run_address>
         <size>0x120</size>
         <input_file_ref idref="fl-16"/>
      </object_component>
      <object_component id="oc-7fd">
         <name>.text:fcvt</name>
         <load_address>0x2000e6b4</load_address>
         <run_address>0x2000e6b4</run_address>
         <size>0x120</size>
         <input_file_ref idref="fl-eb"/>
      </object_component>
      <object_component id="oc-339">
         <name>.text:readTemp</name>
         <load_address>0x2000e7d4</load_address>
         <run_address>0x2000e7d4</run_address>
         <size>0x120</size>
         <input_file_ref idref="fl-2"/>
      </object_component>
      <object_component id="oc-8bb">
         <name>.text:aligned_alloc</name>
         <load_address>0x2000e8f4</load_address>
         <run_address>0x2000e8f4</run_address>
         <size>0x100</size>
         <input_file_ref idref="fl-e9"/>
      </object_component>
      <object_component id="oc-2d5">
         <name>.text:I2C_open</name>
         <load_address>0x2000e9f4</load_address>
         <run_address>0x2000e9f4</run_address>
         <size>0xfc</size>
         <input_file_ref idref="fl-12"/>
      </object_component>
      <object_component id="oc-7cc">
         <name>.text</name>
         <load_address>0x2000eaf0</load_address>
         <run_address>0x2000eaf0</run_address>
         <size>0xfc</size>
         <input_file_ref idref="fl-f0"/>
      </object_component>
      <object_component id="oc-785">
         <name>.text:UARTCC32XX_control</name>
         <load_address>0x2000ebec</load_address>
         <run_address>0x2000ebec</run_address>
         <size>0xf2</size>
         <input_file_ref idref="fl-16"/>
      </object_component>
      <object_component id="oc-378">
         <name>.text:PowerCC32XX_initPolicy</name>
         <load_address>0x2000ecde</load_address>
         <run_address>0x2000ecde</run_address>
         <size>0x2</size>
         <input_file_ref idref="fl-1d"/>
      </object_component>
      <object_component id="oc-633">
         <name>.text:free</name>
         <load_address>0x2000ece0</load_address>
         <run_address>0x2000ece0</run_address>
         <size>0xe4</size>
         <input_file_ref idref="fl-e9"/>
      </object_component>
      <object_component id="oc-811">
         <name>.text:scalbn</name>
         <load_address>0x2000edc4</load_address>
         <run_address>0x2000edc4</run_address>
         <size>0xd0</size>
         <input_file_ref idref="fl-103"/>
      </object_component>
      <object_component id="oc-7a9">
         <name>.text:UARTCC32XX_write</name>
         <load_address>0x2000ee94</load_address>
         <run_address>0x2000ee94</run_address>
         <size>0xca</size>
         <input_file_ref idref="fl-16"/>
      </object_component>
      <object_component id="oc-6c5">
         <name>.text:SemaphoreP_destruct</name>
         <load_address>0x2000ef5e</load_address>
         <run_address>0x2000ef5e</run_address>
         <size>0x2</size>
         <input_file_ref idref="fl-1a"/>
      </object_component>
      <object_component id="oc-2ea">
         <name>.text:GPIO_init</name>
         <load_address>0x2000ef60</load_address>
         <run_address>0x2000ef60</run_address>
         <size>0xc4</size>
         <input_file_ref idref="fl-11"/>
      </object_component>
      <object_component id="oc-754">
         <name>.text:restoreParkedPins</name>
         <load_address>0x2000f024</load_address>
         <run_address>0x2000f024</run_address>
         <size>0xc0</size>
         <input_file_ref idref="fl-13"/>
      </object_component>
      <object_component id="oc-15f">
         <name>.text:mainThread</name>
         <load_address>0x2000f0e4</load_address>
         <run_address>0x2000f0e4</run_address>
         <size>0xbc</size>
         <input_file_ref idref="fl-2"/>
      </object_component>
      <object_component id="oc-79d">
         <name>.text:UARTCC32XX_readPolling</name>
         <load_address>0x2000f1a0</load_address>
         <run_address>0x2000f1a0</run_address>
         <size>0xba</size>
         <input_file_ref idref="fl-16"/>
      </object_component>
      <object_component id="oc-316">
         <name>.text:Timer_init</name>
         <load_address>0x2000f25a</load_address>
         <run_address>0x2000f25a</run_address>
         <size>0x2</size>
         <input_file_ref idref="fl-f"/>
      </object_component>
      <object_component id="oc-97e">
         <name>.text:initHw</name>
         <load_address>0x2000f25c</load_address>
         <run_address>0x2000f25c</run_address>
         <size>0xb8</size>
         <input_file_ref idref="fl-16"/>
      </object_component>
      <object_component id="oc-a64">
         <name>.text:readTaskCallback</name>
         <load_address>0x2000f314</load_address>
         <run_address>0x2000f314</run_address>
         <size>0xb6</size>
         <input_file_ref idref="fl-16"/>
      </object_component>
      <object_component id="oc-5f8">
         <name>.text:I2CCC32XX_completeTransfer</name>
         <load_address>0x2000f3ca</load_address>
         <run_address>0x2000f3ca</run_address>
         <size>0xb2</size>
         <input_file_ref idref="fl-12"/>
      </object_component>
      <object_component id="oc-552">
         <name>.text:_ltostr</name>
         <load_address>0x2000f47c</load_address>
         <run_address>0x2000f47c</run_address>
         <size>0xb1</size>
         <input_file_ref idref="fl-eb"/>
      </object_component>
      <object_component id="oc-a52">
         <name>.text:readTaskBlocking</name>
         <load_address>0x2000f52e</load_address>
         <run_address>0x2000f52e</run_address>
         <size>0xb0</size>
         <input_file_ref idref="fl-16"/>
      </object_component>
      <object_component id="oc-a58">
         <name>.text:readIsrTextBlocking</name>
         <load_address>0x2000f5de</load_address>
         <run_address>0x2000f5de</run_address>
         <size>0xae</size>
         <input_file_ref idref="fl-16"/>
      </object_component>
      <object_component id="oc-5e6">
         <name>.text:I2CCC32XX_primeWriteBurst</name>
         <load_address>0x2000f68c</load_address>
         <run_address>0x2000f68c</run_address>
         <size>0xa8</size>
         <input_file_ref idref="fl-12"/>
      </object_component>
      <object_component id="oc-b5">
         <name>.text:IntEnable</name>
         <load_address>0x2000f734</load_address>
         <run_address>0x2000f734</run_address>
         <size>0xa8</size>
         <input_file_ref idref="fl-23"/>
      </object_component>
      <object_component id="oc-29b">
         <name>.text:PowerCC32XX_configureWakeup</name>
         <load_address>0x2000f7dc</load_address>
         <run_address>0x2000f7dc</run_address>
         <size>0xa8</size>
         <input_file_ref idref="fl-13"/>
      </object_component>
      <object_component id="oc-a6a">
         <name>.text:readIsrTextCallback</name>
         <load_address>0x2000f884</load_address>
         <run_address>0x2000f884</run_address>
         <size>0xa2</size>
         <input_file_ref idref="fl-16"/>
      </object_component>
      <object_component id="oc-9b5">
         <name>.text:writeData</name>
         <load_address>0x2000f926</load_address>
         <run_address>0x2000f926</run_address>
         <size>0xa2</size>
         <input_file_ref idref="fl-16"/>
      </object_component>
      <object_component id="oc-428">
         <name>.text:SemaphoreP_pend</name>
         <load_address>0x2000f9c8</load_address>
         <run_address>0x2000f9c8</run_address>
         <size>0xa0</size>
         <input_file_ref idref="fl-1a"/>
      </object_component>
      <object_component id="oc-20e">
         <name>.text:setHeat</name>
         <load_address>0x2000fa68</load_address>
         <run_address>0x2000fa68</run_address>
         <size>0xa0</size>
         <input_file_ref idref="fl-2"/>
      </object_component>
      <object_component id="oc-3f2">
         <name>.text:I2CCC32XX_initHw</name>
         <load_address>0x2000fb08</load_address>
         <run_address>0x2000fb08</run_address>
         <size>0x9c</size>
         <input_file_ref idref="fl-12"/>
      </object_component>
      <object_component id="oc-3b">
         <name>.text</name>
         <load_address>0x2000fba4</load_address>
         <run_address>0x2000fba4</run_address>
         <size>0x9c</size>
         <input_file_ref idref="fl-e4"/>
      </object_component>
      <object_component id="oc-43e">
         <name>.text:powerNotifyFxn</name>
         <load_address>0x2000fc40</load_address>
         <run_address>0x2000fc40</run_address>
         <size>0x98</size>
         <input_file_ref idref="fl-11"/>
      </object_component>
      <object_component id="oc-510">
         <name>.text</name>
         <load_address>0x2000fcd8</load_address>
         <run_address>0x2000fcd8</run_address>
         <size>0x96</size>
         <input_file_ref idref="fl-e5"/>
      </object_component>
      <object_component id="oc-78b">
         <name>.text:UARTCC32XX_init</name>
         <load_address>0x2000fd6e</load_address>
         <run_address>0x2000fd6e</run_address>
         <size>0x2</size>
         <input_file_ref idref="fl-16"/>
      </object_component>
      <object_component id="oc-748">
         <name>.text:restoreNVICRegs</name>
         <load_address>0x2000fd70</load_address>
         <run_address>0x2000fd70</run_address>
         <size>0x90</size>
         <input_file_ref idref="fl-13"/>
      </object_component>
      <object_component id="oc-3e6">
         <name>.text:HwiP_construct</name>
         <load_address>0x2000fe00</load_address>
         <run_address>0x2000fe00</run_address>
         <size>0x8c</size>
         <input_file_ref idref="fl-1c"/>
      </object_component>
      <object_component id="oc-93c">
         <name>.text:IntPendSet</name>
         <load_address>0x2000fe8c</load_address>
         <run_address>0x2000fe8c</run_address>
         <size>0x88</size>
         <input_file_ref idref="fl-23"/>
      </object_component>
      <object_component id="oc-448">
         <name>.text:PinConfigSet</name>
         <load_address>0x2000ff14</load_address>
         <run_address>0x2000ff14</run_address>
         <size>0x88</size>
         <input_file_ref idref="fl-24"/>
      </object_component>
      <object_component id="oc-558">
         <name>.text:__aeabi_cdcmple</name>
         <load_address>0x2000ff9c</load_address>
         <run_address>0x2000ff9c</run_address>
         <size>0x86</size>
         <input_file_ref idref="fl-ee"/>
      </object_component>
      <object_component id="oc-7d6">
         <name>.text:__aeabi_cdrcmple</name>
         <load_address>0x20010022</load_address>
         <run_address>0x20010022</run_address>
         <size>0x86</size>
         <input_file_ref idref="fl-ee"/>
      </object_component>
      <object_component id="oc-1d9">
         <name>.text:Power_init</name>
         <load_address>0x200100a8</load_address>
         <run_address>0x200100a8</run_address>
         <size>0x84</size>
         <input_file_ref idref="fl-13"/>
      </object_component>
      <object_component id="oc-73d">
         <name>.text:saveNVICRegs</name>
         <load_address>0x2001012c</load_address>
         <run_address>0x2001012c</run_address>
         <size>0x84</size>
         <input_file_ref idref="fl-13"/>
      </object_component>
      <object_component id="oc-3ce">
         <name>.text:Power_setDependency</name>
         <load_address>0x200101b0</load_address>
         <run_address>0x200101b0</run_address>
         <size>0x80</size>
         <input_file_ref idref="fl-13"/>
      </object_component>
      <object_component id="oc-a4c">
         <name>.text:readIsrBinaryBlocking</name>
         <load_address>0x20010230</load_address>
         <run_address>0x20010230</run_address>
         <size>0x7c</size>
         <input_file_ref idref="fl-16"/>
      </object_component>
      <object_component id="oc-5e0">
         <name>.text:I2CCC32XX_primeReadBurst</name>
         <load_address>0x200102ac</load_address>
         <run_address>0x200102ac</run_address>
         <size>0x7a</size>
         <input_file_ref idref="fl-12"/>
      </object_component>
      <object_component id="oc-4be">
         <name>.text</name>
         <load_address>0x20010326</load_address>
         <run_address>0x20010326</run_address>
         <size>0x7a</size>
         <input_file_ref idref="fl-e0"/>
      </object_component>
      <object_component id="oc-9d">
         <name>.text</name>
         <load_address>0x200103a0</load_address>
         <run_address>0x200103a0</run_address>
         <size>0x7a</size>
         <input_file_ref idref="fl-f3"/>
      </object_component>
      <object_component id="oc-345">
         <name>.text:_nop</name>
         <load_address>0x2001041a</load_address>
         <run_address>0x2001041a</run_address>
         <size>0x2</size>
         <input_file_ref idref="fl-f8"/>
      </object_component>
      <object_component id="oc-466">
         <name>.text:GPIO_hwiIntFxn</name>
         <load_address>0x2001041c</load_address>
         <run_address>0x2001041c</run_address>
         <size>0x78</size>
         <input_file_ref idref="fl-11"/>
      </object_component>
      <object_component id="oc-a5e">
         <name>.text:readIsrBinaryCallback</name>
         <load_address>0x20010494</load_address>
         <run_address>0x20010494</run_address>
         <size>0x78</size>
         <input_file_ref idref="fl-16"/>
      </object_component>
      <object_component id="oc-98d">
         <name>.text:UARTCC32XX_hwiIntFxn</name>
         <load_address>0x2001050c</load_address>
         <run_address>0x2001050c</run_address>
         <size>0x74</size>
         <input_file_ref idref="fl-16"/>
      </object_component>
      <object_component id="oc-a13">
         <name>.text:split</name>
         <load_address>0x20010580</load_address>
         <run_address>0x20010580</run_address>
         <size>0x70</size>
         <input_file_ref idref="fl-e9"/>
      </object_component>
      <object_component id="oc-7f6">
         <name>.text:_mcpy</name>
         <load_address>0x200105f0</load_address>
         <run_address>0x200105f0</run_address>
         <size>0x6e</size>
         <input_file_ref idref="fl-eb"/>
      </object_component>
      <object_component id="oc-613">
         <name>.text:I2CSupport_primeTransfer</name>
         <load_address>0x2001065e</load_address>
         <run_address>0x2001065e</run_address>
         <size>0x6a</size>
         <input_file_ref idref="fl-12"/>
      </object_component>
      <object_component id="oc-14">
         <name>.text:decompress:lzss:__TI_decompress_lzss</name>
         <load_address>0x200106c8</load_address>
         <run_address>0x200106c8</run_address>
         <size>0x68</size>
         <input_file_ref idref="fl-e8"/>
      </object_component>
      <object_component id="oc-7b5">
         <name>.text:UARTCC32XX_writeCancel</name>
         <load_address>0x20010730</load_address>
         <run_address>0x20010730</run_address>
         <size>0x66</size>
         <input_file_ref idref="fl-16"/>
      </object_component>
      <object_component id="oc-73">
         <name>.text:busFaultHandler</name>
         <load_address>0x20010796</load_address>
         <run_address>0x20010796</run_address>
         <size>0x2</size>
         <input_file_ref idref="fl-1e"/>
      </object_component>
      <object_component id="oc-67b">
         <name>.text:PowerCC32XX_setParkState</name>
         <load_address>0x20010798</load_address>
         <run_address>0x20010798</run_address>
         <size>0x64</size>
         <input_file_ref idref="fl-13"/>
      </object_component>
      <object_component id="oc-7af">
         <name>.text:UARTCC32XX_writePolling</name>
         <load_address>0x200107fc</load_address>
         <run_address>0x200107fc</run_address>
         <size>0x62</size>
         <input_file_ref idref="fl-16"/>
      </object_component>
      <object_component id="oc-658">
         <name>.text:clkFxn</name>
         <load_address>0x2001085e</load_address>
         <run_address>0x2001085e</run_address>
         <size>0x2</size>
         <input_file_ref idref="fl-1a"/>
      </object_component>
      <object_component id="oc-269">
         <name>.text:PRCMSysResetCauseGet</name>
         <load_address>0x20010860</load_address>
         <run_address>0x20010860</run_address>
         <size>0x60</size>
         <input_file_ref idref="fl-25"/>
      </object_component>
      <object_component id="oc-202">
         <name>.text:changeSetPoint</name>
         <load_address>0x200108c0</load_address>
         <run_address>0x200108c0</run_address>
         <size>0x60</size>
         <input_file_ref idref="fl-2"/>
      </object_component>
      <object_component id="oc-2fc">
         <name>.text:GPIO_setCallback</name>
         <load_address>0x20010920</load_address>
         <run_address>0x20010920</run_address>
         <size>0x5c</size>
         <input_file_ref idref="fl-11"/>
      </object_component>
      <object_component id="oc-80b">
         <name>.text:frexp</name>
         <load_address>0x2001097c</load_address>
         <run_address>0x2001097c</run_address>
         <size>0x5c</size>
         <input_file_ref idref="fl-102"/>
      </object_component>
      <object_component id="oc-1f3">
         <name>.text:initGPIO</name>
         <load_address>0x200109d8</load_address>
         <run_address>0x200109d8</run_address>
         <size>0x5c</size>
         <input_file_ref idref="fl-2"/>
      </object_component>
      <object_component id="oc-8fc">
         <name>.text:sysTickInit</name>
         <load_address>0x20010a34</load_address>
         <run_address>0x20010a34</run_address>
         <size>0x5c</size>
         <input_file_ref idref="fl-1b"/>
      </object_component>
      <object_component id="oc-2f6">
         <name>.text:GPIO_write</name>
         <load_address>0x20010a90</load_address>
         <run_address>0x20010a90</run_address>
         <size>0x58</size>
         <input_file_ref idref="fl-11"/>
      </object_component>
      <object_component id="oc-282">
         <name>.text:PRCMPeripheralReset</name>
         <load_address>0x20010ae8</load_address>
         <run_address>0x20010ae8</run_address>
         <size>0x58</size>
         <input_file_ref idref="fl-25"/>
      </object_component>
      <object_component id="oc-8df">
         <name>.text:Power_releaseDependency</name>
         <load_address>0x20010b40</load_address>
         <run_address>0x20010b40</run_address>
         <size>0x58</size>
         <input_file_ref idref="fl-13"/>
      </object_component>
      <object_component id="oc-563">
         <name>.text:_pconv_f</name>
         <load_address>0x20010b98</load_address>
         <run_address>0x20010b98</run_address>
         <size>0x56</size>
         <input_file_ref idref="fl-eb"/>
      </object_component>
      <object_component id="oc-7e0">
         <name>.text:__TI_ltoa</name>
         <load_address>0x20010bee</load_address>
         <run_address>0x20010bee</run_address>
         <size>0x54</size>
         <input_file_ref idref="fl-f9"/>
      </object_component>
      <object_component id="oc-6d">
         <name>.text:defaultHandler</name>
         <load_address>0x20010c42</load_address>
         <run_address>0x20010c42</run_address>
         <size>0x2</size>
         <input_file_ref idref="fl-1e"/>
      </object_component>
      <object_component id="oc-1f9">
         <name>.text:initTimer</name>
         <load_address>0x20010c44</load_address>
         <run_address>0x20010c44</run_address>
         <size>0x54</size>
         <input_file_ref idref="fl-2"/>
      </object_component>
      <object_component id="oc-abb">
         <name>.text:ringBufGet</name>
         <load_address>0x20010c98</load_address>
         <run_address>0x20010c98</run_address>
         <size>0x54</size>
         <input_file_ref idref="fl-16"/>
      </object_component>
      <object_component id="oc-919">
         <name>.text:PowerCC32XX_resumeLPDS</name>
         <load_address>0x20010cec</load_address>
         <run_address>0x20010cec</run_address>
         <size>0x52</size>
         <input_file_ref idref="fl-14"/>
      </object_component>
      <object_component id="oc-7f0">
         <name>.text:_ecpy</name>
         <load_address>0x20010d3e</load_address>
         <run_address>0x20010d3e</run_address>
         <size>0x52</size>
         <input_file_ref idref="fl-eb"/>
      </object_component>
      <object_component id="oc-497">
         <name>.text:initHw</name>
         <load_address>0x20010d90</load_address>
         <run_address>0x20010d90</run_address>
         <size>0x52</size>
         <input_file_ref idref="fl-15"/>
      </object_component>
      <object_component id="oc-67">
         <name>.text:faultISR</name>
         <load_address>0x20010de2</load_address>
         <run_address>0x20010de2</run_address>
         <size>0x2</size>
         <input_file_ref idref="fl-1e"/>
      </object_component>
      <object_component id="oc-79">
         <name>.text:ClockP_sysTickHandler</name>
         <load_address>0x20010de4</load_address>
         <run_address>0x20010de4</run_address>
         <size>0x50</size>
         <input_file_ref idref="fl-1b"/>
      </object_component>
      <object_component id="oc-5b6">
         <name>.text:SemaphoreP_construct</name>
         <load_address>0x20010e34</load_address>
         <run_address>0x20010e34</run_address>
         <size>0x50</size>
         <input_file_ref idref="fl-1a"/>
      </object_component>
      <object_component id="oc-47f">
         <name>.text:TimerCC32XX_allocateTimerResource</name>
         <load_address>0x20010e84</load_address>
         <run_address>0x20010e84</run_address>
         <size>0x50</size>
         <input_file_ref idref="fl-15"/>
      </object_component>
      <object_component id="oc-302">
         <name>.text:GPIO_enableInt</name>
         <load_address>0x20010ed4</load_address>
         <run_address>0x20010ed4</run_address>
         <size>0x4c</size>
         <input_file_ref idref="fl-11"/>
      </object_component>
      <object_component id="oc-5d4">
         <name>.text:I2CCC32XX_readRecieveFifo</name>
         <load_address>0x20010f20</load_address>
         <run_address>0x20010f20</run_address>
         <size>0x4c</size>
         <input_file_ref idref="fl-12"/>
      </object_component>
      <object_component id="oc-910">
         <name>.text:PowerCC32XX_parkPin</name>
         <load_address>0x20010f6c</load_address>
         <run_address>0x20010f6c</run_address>
         <size>0x4c</size>
         <input_file_ref idref="fl-13"/>
      </object_component>
      <object_component id="oc-54c">
         <name>.text:atoi</name>
         <load_address>0x20010fb8</load_address>
         <run_address>0x20010fb8</run_address>
         <size>0x4c</size>
         <input_file_ref idref="fl-fb"/>
      </object_component>
      <object_component id="oc-74e">
         <name>.text:restorePeriphClocks</name>
         <load_address>0x20011004</load_address>
         <run_address>0x20011004</run_address>
         <size>0x4c</size>
         <input_file_ref idref="fl-13"/>
      </object_component>
      <object_component id="oc-2bd">
         <name>.text:snprintf</name>
         <load_address>0x20011050</load_address>
         <run_address>0x20011050</run_address>
         <size>0x4c</size>
         <input_file_ref idref="fl-df"/>
      </object_component>
      <object_component id="oc-934">
         <name>.text:FlashDisable</name>
         <load_address>0x2001109c</load_address>
         <run_address>0x2001109c</run_address>
         <size>0x48</size>
         <input_file_ref idref="fl-29"/>
      </object_component>
      <object_component id="oc-75a">
         <name>.text:PRCMLPDSEnter</name>
         <load_address>0x200110e4</load_address>
         <run_address>0x200110e4</run_address>
         <size>0x48</size>
         <input_file_ref idref="fl-25"/>
      </object_component>
      <object_component id="oc-27c">
         <name>.text:PRCMPeripheralClkEnable</name>
         <load_address>0x2001112c</load_address>
         <run_address>0x2001112c</run_address>
         <size>0x48</size>
         <input_file_ref idref="fl-25"/>
      </object_component>
      <object_component id="oc-873">
         <name>.text:Power_releaseConstraint</name>
         <load_address>0x20011174</load_address>
         <run_address>0x20011174</run_address>
         <size>0x48</size>
         <input_file_ref idref="fl-13"/>
      </object_component>
      <object_component id="oc-7db">
         <name>.text</name>
         <load_address>0x200111bc</load_address>
         <run_address>0x200111bc</run_address>
         <size>0x48</size>
         <input_file_ref idref="fl-f1"/>
      </object_component>
      <object_component id="oc-aa8">
         <name>.text:RingBuf_put</name>
         <load_address>0x20011204</load_address>
         <run_address>0x20011204</run_address>
         <size>0x46</size>
         <input_file_ref idref="fl-18"/>
      </object_component>
      <object_component id="oc-491">
         <name>.text:getPrescaler</name>
         <load_address>0x2001124a</load_address>
         <run_address>0x2001124a</run_address>
         <size>0x46</size>
         <input_file_ref idref="fl-15"/>
      </object_component>
      <object_component id="oc-8a7">
         <name>.text:ClockP_stop</name>
         <load_address>0x20011290</load_address>
         <run_address>0x20011290</run_address>
         <size>0x44</size>
         <input_file_ref idref="fl-1b"/>
      </object_component>
      <object_component id="oc-91e">
         <name>.text:PRCMLPDSRestoreInfoSet</name>
         <load_address>0x200112d4</load_address>
         <run_address>0x200112d4</run_address>
         <size>0x44</size>
         <input_file_ref idref="fl-25"/>
      </object_component>
      <object_component id="oc-743">
         <name>.text:PowerCC32XX_enterLPDS</name>
         <load_address>0x20011318</load_address>
         <run_address>0x20011318</run_address>
         <size>0x44</size>
         <input_file_ref idref="fl-14"/>
      </object_component>
      <object_component id="oc-42e">
         <name>.text:SemaphoreP_post</name>
         <load_address>0x2001135c</load_address>
         <run_address>0x2001135c</run_address>
         <size>0x44</size>
         <input_file_ref idref="fl-1a"/>
      </object_component>
      <object_component id="oc-526">
         <name>.text:SwiP_restore</name>
         <load_address>0x200113a0</load_address>
         <run_address>0x200113a0</run_address>
         <size>0x44</size>
         <input_file_ref idref="fl-1f"/>
      </object_component>
      <object_component id="oc-328">
         <name>.text:Timer_start</name>
         <load_address>0x200113e4</load_address>
         <run_address>0x200113e4</run_address>
         <size>0x44</size>
         <input_file_ref idref="fl-f"/>
      </object_component>
      <object_component id="oc-2a9">
         <name>.text:UART_init</name>
         <load_address>0x20011428</load_address>
         <run_address>0x20011428</run_address>
         <size>0x44</size>
         <input_file_ref idref="fl-10"/>
      </object_component>
      <object_component id="oc-172">
         <name>.text:__TI_auto_init_nobinit_nopinit:__TI_auto_init_nobinit_nopinit</name>
         <load_address>0x2001146c</load_address>
         <run_address>0x2001146c</run_address>
         <size>0x44</size>
         <input_file_ref idref="fl-f4"/>
      </object_component>
      <object_component id="oc-1e7">
         <name>.text:initUART</name>
         <load_address>0x200114b0</load_address>
         <run_address>0x200114b0</run_address>
         <size>0x44</size>
         <input_file_ref idref="fl-2"/>
      </object_component>
      <object_component id="oc-a3b">
         <name>.text:ClockP_construct</name>
         <load_address>0x200114f4</load_address>
         <run_address>0x200114f4</run_address>
         <size>0x40</size>
         <input_file_ref idref="fl-1b"/>
      </object_component>
      <object_component id="oc-294">
         <name>.text:PinModeSet</name>
         <load_address>0x20011534</load_address>
         <run_address>0x20011534</run_address>
         <size>0x40</size>
         <input_file_ref idref="fl-24"/>
      </object_component>
      <object_component id="oc-9a7">
         <name>.text:RingBuf_get</name>
         <load_address>0x20011574</load_address>
         <run_address>0x20011574</run_address>
         <size>0x40</size>
         <input_file_ref idref="fl-18"/>
      </object_component>
      <object_component id="oc-4b1">
         <name>.text:TimerSupport_timerEnable</name>
         <load_address>0x200115b4</load_address>
         <run_address>0x200115b4</run_address>
         <size>0x40</size>
         <input_file_ref idref="fl-15"/>
      </object_component>
      <object_component id="oc-48b">
         <name>.text:Timer_close</name>
         <load_address>0x200115f4</load_address>
         <run_address>0x200115f4</run_address>
         <size>0x40</size>
         <input_file_ref idref="fl-15"/>
      </object_component>
      <object_component id="oc-797">
         <name>.text:UARTCC32XX_read</name>
         <load_address>0x20011634</load_address>
         <run_address>0x20011634</run_address>
         <size>0x40</size>
         <input_file_ref idref="fl-16"/>
      </object_component>
      <object_component id="oc-2b5">
         <name>.text:UART_open</name>
         <load_address>0x20011674</load_address>
         <run_address>0x20011674</run_address>
         <size>0x40</size>
         <input_file_ref idref="fl-10"/>
      </object_component>
      <object_component id="oc-803">
         <name>.text:_fcpy</name>
         <load_address>0x200116b4</load_address>
         <run_address>0x200116b4</run_address>
         <size>0x3e</size>
         <input_file_ref idref="fl-eb"/>
      </object_component>
      <object_component id="oc-61">
         <name>.text:nmiISR</name>
         <load_address>0x200116f2</load_address>
         <run_address>0x200116f2</run_address>
         <size>0x2</size>
         <input_file_ref idref="fl-1e"/>
      </object_component>
      <object_component id="oc-652">
         <name>.text:ClockP_destruct</name>
         <load_address>0x200116f4</load_address>
         <run_address>0x200116f4</run_address>
         <size>0x3c</size>
         <input_file_ref idref="fl-1b"/>
      </object_component>
      <object_component id="oc-704">
         <name>.text:Power_setConstraint</name>
         <load_address>0x20011730</load_address>
         <run_address>0x20011730</run_address>
         <size>0x3c</size>
         <input_file_ref idref="fl-13"/>
      </object_component>
      <object_component id="oc-50a">
         <name>.text:getCountsRTC</name>
         <load_address>0x2001176c</load_address>
         <run_address>0x2001176c</run_address>
         <size>0x3a</size>
         <input_file_ref idref="fl-1d"/>
      </object_component>
      <object_component id="oc-72b">
         <name>.text</name>
         <load_address>0x200117a6</load_address>
         <run_address>0x200117a6</run_address>
         <size>0x2</size>
         <input_file_ref idref="fl-ec"/>
      </object_component>
      <object_component id="oc-760">
         <name>.text:PRCMLPDSEnterKeepDebugIf</name>
         <load_address>0x200117a8</load_address>
         <run_address>0x200117a8</run_address>
         <size>0x38</size>
         <input_file_ref idref="fl-25"/>
      </object_component>
      <object_component id="oc-db">
         <name>.text:addToList</name>
         <load_address>0x200117e0</load_address>
         <run_address>0x200117e0</run_address>
         <size>0x38</size>
         <input_file_ref idref="fl-1b"/>
      </object_component>
      <object_component id="oc-59">
         <name>.text:initVectors</name>
         <load_address>0x20011818</load_address>
         <run_address>0x20011818</run_address>
         <size>0x38</size>
         <input_file_ref idref="fl-1e"/>
      </object_component>
      <object_component id="oc-731">
         <name>.text:notify</name>
         <load_address>0x20011850</load_address>
         <run_address>0x20011850</run_address>
         <size>0x38</size>
         <input_file_ref idref="fl-13"/>
      </object_component>
      <object_component id="oc-4c3">
         <name>.text</name>
         <load_address>0x20011888</load_address>
         <run_address>0x20011888</run_address>
         <size>0x38</size>
         <input_file_ref idref="fl-e1"/>
      </object_component>
      <object_component id="oc-4b9">
         <name>.text</name>
         <load_address>0x200118c0</load_address>
         <run_address>0x200118c0</run_address>
         <size>0x38</size>
         <input_file_ref idref="fl-e2"/>
      </object_component>
      <object_component id="oc-6e5">
         <name>.text:TimerControlStall</name>
         <load_address>0x200118f8</load_address>
         <run_address>0x200118f8</run_address>
         <size>0x36</size>
         <input_file_ref idref="fl-26"/>
      </object_component>
      <object_component id="oc-6b3">
         <name>.text:Timer_stop</name>
         <load_address>0x2001192e</load_address>
         <run_address>0x2001192e</run_address>
         <size>0x36</size>
         <input_file_ref idref="fl-f"/>
      </object_component>
      <object_component id="oc-7a3">
         <name>.text:UARTCC32XX_readCancel</name>
         <load_address>0x20011964</load_address>
         <run_address>0x20011964</run_address>
         <size>0x36</size>
         <input_file_ref idref="fl-16"/>
      </object_component>
      <object_component id="oc-4f8">
         <name>.text:ClockP_getTicksUntilInterrupt</name>
         <load_address>0x2001199c</load_address>
         <run_address>0x2001199c</run_address>
         <size>0x34</size>
         <input_file_ref idref="fl-1b"/>
      </object_component>
      <object_component id="oc-722">
         <name>.text:ClockP_startup</name>
         <load_address>0x200119d0</load_address>
         <run_address>0x200119d0</run_address>
         <size>0x34</size>
         <input_file_ref idref="fl-1b"/>
      </object_component>
      <object_component id="oc-28e">
         <name>.text:PinModeGet</name>
         <load_address>0x20011a04</load_address>
         <run_address>0x20011a04</run_address>
         <size>0x34</size>
         <input_file_ref idref="fl-24"/>
      </object_component>
      <object_component id="oc-94b">
         <name>.text:PowerCC32XX_restoreParkState</name>
         <load_address>0x20011a38</load_address>
         <run_address>0x20011a38</run_address>
         <size>0x34</size>
         <input_file_ref idref="fl-13"/>
      </object_component>
      <object_component id="oc-6cb">
         <name>.text:TimerCC32XX_freeTimerResource</name>
         <load_address>0x20011a6c</load_address>
         <run_address>0x20011a6c</run_address>
         <size>0x34</size>
         <input_file_ref idref="fl-15"/>
      </object_component>
      <object_component id="oc-4a9">
         <name>.text:TimerCC32XX_hwiIntFunction</name>
         <load_address>0x20011aa0</load_address>
         <run_address>0x20011aa0</run_address>
         <size>0x34</size>
         <input_file_ref idref="fl-15"/>
      </object_component>
      <object_component id="oc-6a8">
         <name>.text:getPowerMgrId</name>
         <load_address>0x20011ad4</load_address>
         <run_address>0x20011ad4</run_address>
         <size>0x34</size>
         <input_file_ref idref="fl-15"/>
      </object_component>
      <object_component id="oc-640">
         <name>.text:ClockP_start</name>
         <load_address>0x20011b08</load_address>
         <run_address>0x20011b08</run_address>
         <size>0x30</size>
         <input_file_ref idref="fl-1b"/>
      </object_component>
      <object_component id="oc-92d">
         <name>.text:PowerCC32XX_restoreParkedPin</name>
         <load_address>0x20011b38</load_address>
         <run_address>0x20011b38</run_address>
         <size>0x30</size>
         <input_file_ref idref="fl-13"/>
      </object_component>
      <object_component id="oc-3ab">
         <name>.text:_outs</name>
         <load_address>0x20011b68</load_address>
         <run_address>0x20011b68</run_address>
         <size>0x30</size>
         <input_file_ref idref="fl-df"/>
      </object_component>
      <object_component id="oc-7e6">
         <name>.text</name>
         <load_address>0x20011b98</load_address>
         <run_address>0x20011b98</run_address>
         <size>0x2e</size>
         <input_file_ref idref="fl-f2"/>
      </object_component>
      <object_component id="oc-96c">
         <name>.text:PowerCC32XX_getParkState</name>
         <load_address>0x20011bc8</load_address>
         <run_address>0x20011bc8</run_address>
         <size>0x2c</size>
         <input_file_ref idref="fl-13"/>
      </object_component>
      <object_component id="oc-44e">
         <name>.text:HwiP_create</name>
         <load_address>0x20011bf4</load_address>
         <run_address>0x20011bf4</run_address>
         <size>0x2a</size>
         <input_file_ref idref="fl-1c"/>
      </object_component>
      <object_component id="oc-6df">
         <name>.text:TimerLoadSet</name>
         <load_address>0x20011c1e</load_address>
         <run_address>0x20011c1e</run_address>
         <size>0x2a</size>
         <input_file_ref idref="fl-26"/>
      </object_component>
      <object_component id="oc-6d9">
         <name>.text:TimerPrescaleSet</name>
         <load_address>0x20011c48</load_address>
         <run_address>0x20011c48</run_address>
         <size>0x2a</size>
         <input_file_ref idref="fl-26"/>
      </object_component>
      <object_component id="oc-5ec">
         <name>.text:I2CFIFODataPutNonBlocking</name>
         <load_address>0x20011c72</load_address>
         <run_address>0x20011c72</run_address>
         <size>0x28</size>
         <input_file_ref idref="fl-22"/>
      </object_component>
      <object_component id="oc-288">
         <name>.text:PRCMPeripheralClkDisable</name>
         <load_address>0x20011c9c</load_address>
         <run_address>0x20011c9c</run_address>
         <size>0x28</size>
         <input_file_ref idref="fl-25"/>
      </object_component>
      <object_component id="oc-3da">
         <name>.text:Power_registerNotify</name>
         <load_address>0x20011cc4</load_address>
         <run_address>0x20011cc4</run_address>
         <size>0x28</size>
         <input_file_ref idref="fl-13"/>
      </object_component>
      <object_component id="oc-89f">
         <name>.text:free_list_insert</name>
         <load_address>0x20011cec</load_address>
         <run_address>0x20011cec</run_address>
         <size>0x28</size>
         <input_file_ref idref="fl-e9"/>
      </object_component>
      <object_component id="oc-208">
         <name>.text:getTemperature</name>
         <load_address>0x20011d14</load_address>
         <run_address>0x20011d14</run_address>
         <size>0x28</size>
         <input_file_ref idref="fl-2"/>
      </object_component>
      <object_component id="oc-84f">
         <name>.text:I2CFIFODataGetNonBlocking</name>
         <load_address>0x20011d3c</load_address>
         <run_address>0x20011d3c</run_address>
         <size>0x26</size>
         <input_file_ref idref="fl-22"/>
      </object_component>
      <object_component id="oc-61f">
         <name>.text:I2C_cancel</name>
         <load_address>0x20011d62</load_address>
         <run_address>0x20011d62</run_address>
         <size>0x26</size>
         <input_file_ref idref="fl-e"/>
      </object_component>
      <object_component id="oc-59b">
         <name>.text:List_put</name>
         <load_address>0x20011d88</load_address>
         <run_address>0x20011d88</run_address>
         <size>0x26</size>
         <input_file_ref idref="fl-17"/>
      </object_component>
      <object_component id="oc-8d0">
         <name>.text:List_remove</name>
         <load_address>0x20011dae</load_address>
         <run_address>0x20011dae</run_address>
         <size>0x26</size>
         <input_file_ref idref="fl-17"/>
      </object_component>
      <object_component id="oc-5a6">
         <name>.text:HwiP_dispatch</name>
         <load_address>0x20011dd4</load_address>
         <run_address>0x20011dd4</run_address>
         <size>0x24</size>
         <input_file_ref idref="fl-1c"/>
      </object_component>
      <object_component id="oc-966">
         <name>.text:PowerCC32XX_reset</name>
         <load_address>0x20011df8</load_address>
         <run_address>0x20011df8</run_address>
         <size>0x24</size>
         <input_file_ref idref="fl-13"/>
      </object_component>
      <object_component id="oc-8c9">
         <name>.text:TimerSupport_timerDisable</name>
         <load_address>0x20011e1c</load_address>
         <run_address>0x20011e1c</run_address>
         <size>0x24</size>
         <input_file_ref idref="fl-15"/>
      </object_component>
      <object_component id="oc-c5">
         <name>.text:_c_int00_noargs:_c_int00_noargs</name>
         <load_address>0x20011e40</load_address>
         <run_address>0x20011e40</run_address>
         <size>0x24</size>
         <input_file_ref idref="fl-ea"/>
      </object_component>
      <object_component id="oc-857">
         <name>.text:I2CMasterSlaveAddrSet</name>
         <load_address>0x20011e64</load_address>
         <run_address>0x20011e64</run_address>
         <size>0x22</size>
         <input_file_ref idref="fl-22"/>
      </object_component>
      <object_component id="oc-8d7">
         <name>.text:HwiP_destruct</name>
         <load_address>0x20011e86</load_address>
         <run_address>0x20011e86</run_address>
         <size>0x20</size>
         <input_file_ref idref="fl-1c"/>
      </object_component>
      <object_component id="oc-6b9">
         <name>.text:Power_unregisterNotify</name>
         <load_address>0x20011ea8</load_address>
         <run_address>0x20011ea8</run_address>
         <size>0x20</size>
         <input_file_ref idref="fl-13"/>
      </object_component>
      <object_component id="oc-952">
         <name>.text:RingBuf_peek</name>
         <load_address>0x20011ec8</load_address>
         <run_address>0x20011ec8</run_address>
         <size>0x20</size>
         <input_file_ref idref="fl-18"/>
      </object_component>
      <object_component id="oc-960">
         <name>.text:getPowerMgrId</name>
         <load_address>0x20011ee8</load_address>
         <run_address>0x20011ee8</run_address>
         <size>0x20</size>
         <input_file_ref idref="fl-16"/>
      </object_component>
      <object_component id="oc-5c8">
         <name>.text:I2CMasterIntStatusEx</name>
         <load_address>0x20011f08</load_address>
         <run_address>0x20011f08</run_address>
         <size>0x1e</size>
         <input_file_ref idref="fl-22"/>
      </object_component>
      <object_component id="oc-3ec">
         <name>.text:SemaphoreP_constructBinary</name>
         <load_address>0x20011f26</load_address>
         <run_address>0x20011f26</run_address>
         <size>0x1e</size>
         <input_file_ref idref="fl-1a"/>
      </object_component>
      <object_component id="oc-6d3">
         <name>.text:TimerDisable</name>
         <load_address>0x20011f44</load_address>
         <run_address>0x20011f44</run_address>
         <size>0x1e</size>
         <input_file_ref idref="fl-26"/>
      </object_component>
      <object_component id="oc-70a">
         <name>.text:TimerEnable</name>
         <load_address>0x20011f62</load_address>
         <run_address>0x20011f62</run_address>
         <size>0x1e</size>
         <input_file_ref idref="fl-26"/>
      </object_component>
      <object_component id="oc-90a">
         <name>.text:PinToPadGet</name>
         <load_address>0x20011f80</load_address>
         <run_address>0x20011f80</run_address>
         <size>0x1c</size>
         <input_file_ref idref="fl-24"/>
      </object_component>
      <object_component id="oc-4ec">
         <name>.text:SwiP_disable</name>
         <load_address>0x20011f9c</load_address>
         <run_address>0x20011f9c</run_address>
         <size>0x1c</size>
         <input_file_ref idref="fl-1f"/>
      </object_component>
      <object_component id="oc-899">
         <name>.text:free_list_remove</name>
         <load_address>0x20011fb8</load_address>
         <run_address>0x20011fb8</run_address>
         <size>0x1c</size>
         <input_file_ref idref="fl-e9"/>
      </object_component>
      <object_component id="oc-575">
         <name>.text:memccpy</name>
         <load_address>0x20011fd4</load_address>
         <run_address>0x20011fd4</run_address>
         <size>0x1c</size>
         <input_file_ref idref="fl-fd"/>
      </object_component>
      <object_component id="oc-978">
         <name>.text:ClockP_create</name>
         <load_address>0x20011ff0</load_address>
         <run_address>0x20011ff0</run_address>
         <size>0x1a</size>
         <input_file_ref idref="fl-1b"/>
      </object_component>
      <object_component id="oc-41c">
         <name>.text:SemaphoreP_createBinary</name>
         <load_address>0x2001200a</load_address>
         <run_address>0x2001200a</run_address>
         <size>0x1a</size>
         <input_file_ref idref="fl-1a"/>
      </object_component>
      <object_component id="oc-21">
         <name>.text:resetISR</name>
         <load_address>0x20012024</load_address>
         <run_address>0x20012024</run_address>
         <size>0x1a</size>
         <input_file_ref idref="fl-1e"/>
      </object_component>
      <object_component id="oc-888">
         <name>.text:I2CMasterBusBusy</name>
         <load_address>0x2001203e</load_address>
         <run_address>0x2001203e</run_address>
         <size>0x18</size>
         <input_file_ref idref="fl-22"/>
      </object_component>
      <object_component id="oc-5da">
         <name>.text:I2CMasterIntDisableEx</name>
         <load_address>0x20012056</load_address>
         <run_address>0x20012056</run_address>
         <size>0x18</size>
         <input_file_ref idref="fl-22"/>
      </object_component>
      <object_component id="oc-869">
         <name>.text:I2CMasterIntEnableEx</name>
         <load_address>0x2001206e</load_address>
         <run_address>0x2001206e</run_address>
         <size>0x18</size>
         <input_file_ref idref="fl-22"/>
      </object_component>
      <object_component id="oc-882">
         <name>.text:I2CRxFIFOFlush</name>
         <load_address>0x20012086</load_address>
         <run_address>0x20012086</run_address>
         <size>0x18</size>
         <input_file_ref idref="fl-22"/>
      </object_component>
      <object_component id="oc-87c">
         <name>.text:I2CTxFIFOFlush</name>
         <load_address>0x2001209e</load_address>
         <run_address>0x2001209e</run_address>
         <size>0x18</size>
         <input_file_ref idref="fl-22"/>
      </object_component>
      <object_component id="oc-4fe">
         <name>.text:Power_getTransitionLatency</name>
         <load_address>0x200120b8</load_address>
         <run_address>0x200120b8</run_address>
         <size>0x18</size>
         <input_file_ref idref="fl-13"/>
      </object_component>
      <object_component id="oc-9fa">
         <name>.text:Power_idleFunc</name>
         <load_address>0x200120d0</load_address>
         <run_address>0x200120d0</run_address>
         <size>0x18</size>
         <input_file_ref idref="fl-13"/>
      </object_component>
      <object_component id="oc-a1a">
         <name>.text:TimerIntDisable</name>
         <load_address>0x200120e8</load_address>
         <run_address>0x200120e8</run_address>
         <size>0x18</size>
         <input_file_ref idref="fl-26"/>
      </object_component>
      <object_component id="oc-6fe">
         <name>.text:TimerIntEnable</name>
         <load_address>0x20012100</load_address>
         <run_address>0x20012100</run_address>
         <size>0x18</size>
         <input_file_ref idref="fl-26"/>
      </object_component>
      <object_component id="oc-9af">
         <name>.text:UARTBusy</name>
         <load_address>0x20012118</load_address>
         <run_address>0x20012118</run_address>
         <size>0x18</size>
         <input_file_ref idref="fl-27"/>
      </object_component>
      <object_component id="oc-a7f">
         <name>.text:UARTIntEnable</name>
         <load_address>0x20012130</load_address>
         <run_address>0x20012130</run_address>
         <size>0x18</size>
         <input_file_ref idref="fl-27"/>
      </object_component>
      <object_component id="oc-2af">
         <name>.text:UART_Params_init</name>
         <load_address>0x20012148</load_address>
         <run_address>0x20012148</run_address>
         <size>0x18</size>
         <input_file_ref idref="fl-10"/>
      </object_component>
      <object_component id="oc-3b1">
         <name>.text:_outc</name>
         <load_address>0x20012160</load_address>
         <run_address>0x20012160</run_address>
         <size>0x18</size>
         <input_file_ref idref="fl-df"/>
      </object_component>
      <object_component id="oc-30e">
         <name>.text:gpioDecreaseTemperatureCallback</name>
         <load_address>0x20012178</load_address>
         <run_address>0x20012178</run_address>
         <size>0x18</size>
         <input_file_ref idref="fl-2"/>
      </object_component>
      <object_component id="oc-308">
         <name>.text:gpioIncreaseTemperatureCallback</name>
         <load_address>0x20012190</load_address>
         <run_address>0x20012190</run_address>
         <size>0x18</size>
         <input_file_ref idref="fl-2"/>
      </object_component>
      <object_component id="oc-51b">
         <name>.text</name>
         <load_address>0x200121a8</load_address>
         <run_address>0x200121a8</run_address>
         <size>0x18</size>
         <input_file_ref idref="fl-e3"/>
      </object_component>
      <object_component id="oc-32e">
         <name>.text:timerCallback</name>
         <load_address>0x200121c0</load_address>
         <run_address>0x200121c0</run_address>
         <size>0x18</size>
         <input_file_ref idref="fl-2"/>
      </object_component>
      <object_component id="oc-863">
         <name>.text:I2CMasterBurstLengthSet</name>
         <load_address>0x200121d8</load_address>
         <run_address>0x200121d8</run_address>
         <size>0x16</size>
         <input_file_ref idref="fl-22"/>
      </object_component>
      <object_component id="oc-276">
         <name>.text:PRCMHIBRegRead</name>
         <load_address>0x200121ee</load_address>
         <run_address>0x200121ee</run_address>
         <size>0x16</size>
         <input_file_ref idref="fl-25"/>
      </object_component>
      <object_component id="oc-270">
         <name>.text:PRCMHIBRegWrite</name>
         <load_address>0x20012204</load_address>
         <run_address>0x20012204</run_address>
         <size>0x16</size>
         <input_file_ref idref="fl-25"/>
      </object_component>
      <object_component id="oc-62c">
         <name>.text:SemaphoreP_create</name>
         <load_address>0x2001221a</load_address>
         <run_address>0x2001221a</run_address>
         <size>0x16</size>
         <input_file_ref idref="fl-1a"/>
      </object_component>
      <object_component id="oc-817">
         <name>.text:strchr</name>
         <load_address>0x20012230</load_address>
         <run_address>0x20012230</run_address>
         <size>0x16</size>
         <input_file_ref idref="fl-fe"/>
      </object_component>
      <object_component id="oc-a3">
         <name>.text:CPUcpsid</name>
         <load_address>0x20012246</load_address>
         <run_address>0x20012246</run_address>
         <size>0x14</size>
         <input_file_ref idref="fl-21"/>
      </object_component>
      <object_component id="oc-662">
         <name>.text:HwiP_inISR</name>
         <load_address>0x2001225c</load_address>
         <run_address>0x2001225c</run_address>
         <size>0x14</size>
         <input_file_ref idref="fl-1c"/>
      </object_component>
      <object_component id="oc-890">
         <name>.text:I2CSupport_masterFinish</name>
         <load_address>0x20012270</load_address>
         <run_address>0x20012270</run_address>
         <size>0x14</size>
         <input_file_ref idref="fl-12"/>
      </object_component>
      <object_component id="oc-2db">
         <name>.text:I2C_transfer</name>
         <load_address>0x20012284</load_address>
         <run_address>0x20012284</run_address>
         <size>0x14</size>
         <input_file_ref idref="fl-e"/>
      </object_component>
      <object_component id="oc-af">
         <name>.text:IntVTableBaseSet</name>
         <load_address>0x20012298</load_address>
         <run_address>0x20012298</run_address>
         <size>0x14</size>
         <input_file_ref idref="fl-23"/>
      </object_component>
      <object_component id="oc-668">
         <name>.text:Power_disablePolicy</name>
         <load_address>0x200122ac</load_address>
         <run_address>0x200122ac</run_address>
         <size>0x14</size>
         <input_file_ref idref="fl-13"/>
      </object_component>
      <object_component id="oc-926">
         <name>.text:Power_getDependencyCount</name>
         <load_address>0x200122c0</load_address>
         <run_address>0x200122c0</run_address>
         <size>0x14</size>
         <input_file_ref idref="fl-13"/>
      </object_component>
      <object_component id="oc-a79">
         <name>.text:releasePowerConstraint</name>
         <load_address>0x200122d4</load_address>
         <run_address>0x200122d4</run_address>
         <size>0x14</size>
         <input_file_ref idref="fl-16"/>
      </object_component>
      <object_component id="oc-546">
         <name>.text:strlen</name>
         <load_address>0x200122e8</load_address>
         <run_address>0x200122e8</run_address>
         <size>0x14</size>
         <input_file_ref idref="fl-ff"/>
      </object_component>
      <object_component id="oc-3e0">
         <name>.text:HwiP_Params_init</name>
         <load_address>0x200122fc</load_address>
         <run_address>0x200122fc</run_address>
         <size>0x12</size>
         <input_file_ref idref="fl-1c"/>
      </object_component>
      <object_component id="oc-5ce">
         <name>.text:I2CMasterIntClearEx</name>
         <load_address>0x2001230e</load_address>
         <run_address>0x2001230e</run_address>
         <size>0x12</size>
         <input_file_ref idref="fl-22"/>
      </object_component>
      <object_component id="oc-95a">
         <name>.text:RingBuf_construct</name>
         <load_address>0x20012320</load_address>
         <run_address>0x20012320</run_address>
         <size>0x12</size>
         <input_file_ref idref="fl-18"/>
      </object_component>
      <object_component id="oc-6f5">
         <name>.text:TimerIntClear</name>
         <load_address>0x20012332</load_address>
         <run_address>0x20012332</run_address>
         <size>0x12</size>
         <input_file_ref idref="fl-26"/>
      </object_component>
      <object_component id="oc-11a">
         <name>.text:main</name>
         <load_address>0x20012344</load_address>
         <run_address>0x20012344</run_address>
         <size>0x12</size>
         <input_file_ref idref="fl-4"/>
      </object_component>
      <object_component id="oc-57b">
         <name>.text:wcslen</name>
         <load_address>0x20012356</load_address>
         <run_address>0x20012356</run_address>
         <size>0x12</size>
         <input_file_ref idref="fl-101"/>
      </object_component>
      <object_component id="oc-153">
         <name>.text:Board_init</name>
         <load_address>0x20012368</load_address>
         <run_address>0x20012368</run_address>
         <size>0x10</size>
         <input_file_ref idref="fl-3"/>
      </object_component>
      <object_component id="oc-63a">
         <name>.text:ClockP_add</name>
         <load_address>0x20012378</load_address>
         <run_address>0x20012378</run_address>
         <size>0x10</size>
         <input_file_ref idref="fl-1b"/>
      </object_component>
      <object_component id="oc-945">
         <name>.text:ClockP_delete</name>
         <load_address>0x20012388</load_address>
         <run_address>0x20012388</run_address>
         <size>0x10</size>
         <input_file_ref idref="fl-1b"/>
      </object_component>
      <object_component id="oc-485">
         <name>.text:ClockP_getCpuFreq</name>
         <load_address>0x20012398</load_address>
         <run_address>0x20012398</run_address>
         <size>0x10</size>
         <input_file_ref idref="fl-1b"/>
      </object_component>
      <object_component id="oc-504">
         <name>.text:ClockP_getSystemTicks</name>
         <load_address>0x200123a8</load_address>
         <run_address>0x200123a8</run_address>
         <size>0x10</size>
         <input_file_ref idref="fl-1b"/>
      </object_component>
      <object_component id="oc-520">
         <name>.text:ClockP_setTicks</name>
         <load_address>0x200123b8</load_address>
         <run_address>0x200123b8</run_address>
         <size>0x10</size>
         <input_file_ref idref="fl-1b"/>
      </object_component>
      <object_component id="oc-6bf">
         <name>.text:HwiP_delete</name>
[...]
         <name>HwiP_create</name>
         <value>0x20011bf5</value>
         <object_component_ref idref="oc-44e"/>
      </symbol>
      <symbol id="sm-b16">
         <name>HwiP_post</name>
         <value>0x20012567</value>
         <object_component_ref idref="oc-769"/>
      </symbol>
      <symbol id="sm-b17">
         <name>HwiP_enable</name>
         <value>0x20012473</value>
         <object_component_ref idref="oc-159"/>
      </symbol>
      <symbol id="sm-b18">
         <name>HwiP_restore</name>
         <value>0x200123d9</value>
         <object_component_ref idref="oc-38f"/>
      </symbol>
      <symbol id="sm-b19">
         <name>HwiP_disableInterrupt</name>
         <value>0x20012465</value>
         <object_component_ref idref="oc-60d"/>
      </symbol>
      <symbol id="sm-b49">
         <name>PowerCC32XX_initPolicy</name>
         <value>0x2000ecdf</value>
         <object_component_ref idref="oc-378"/>
      </symbol>
      <symbol id="sm-b4a">
         <name>PowerCC32XX_sleepPolicy</name>
         <value>0x2000db65</value>
         <object_component_ref idref="oc-37e"/>
      </symbol>
      <symbol id="sm-b9f">
         <name>resetISR</name>
         <value>0x20012025</value>
         <object_component_ref idref="oc-21"/>
      </symbol>
      <symbol id="sm-ba0">
         <name>resetVectorAddr</name>
         <value>0x20012038</value>
         <object_component_ref idref="oc-21"/>
      </symbol>
      <symbol id="sm-ba1">
         <name>initVectors</name>
         <value>0x20011819</value>
         <object_component_ref idref="oc-59"/>
      </symbol>
      <symbol id="sm-ba2">
         <name>resetVectors</name>
         <value>0x20004000</value>
         <object_component_ref idref="oc-27"/>
      </symbol>
      <symbol id="sm-bd2">
         <name>SwiP_disable</name>
         <value>0x20011f9d</value>
         <object_component_ref idref="oc-4ec"/>
      </symbol>
      <symbol id="sm-bd3">
         <name>SwiP_restore</name>
         <value>0x200113a1</value>
         <object_component_ref idref="oc-526"/>
      </symbol>
      <symbol id="sm-bde">
         <name>CPUcpsid</name>
         <value>0x20012247</value>
         <object_component_ref idref="oc-a3"/>
      </symbol>
      <symbol id="sm-c4b">
         <name>I2CRxFIFOFlush</name>
         <value>0x20012087</value>
         <object_component_ref idref="oc-882"/>
      </symbol>
      <symbol id="sm-c4c">
         <name>I2CTxFIFOFlush</name>
         <value>0x2001209f</value>
         <object_component_ref idref="oc-87c"/>
      </symbol>
      <symbol id="sm-c4d">
         <name>I2CFIFODataPutNonBlocking</name>
         <value>0x20011c73</value>
         <object_component_ref idref="oc-5ec"/>
      </symbol>
      <symbol id="sm-c4e">
         <name>I2CMasterBusBusy</name>
         <value>0x2001203f</value>
         <object_component_ref idref="oc-888"/>
      </symbol>
      <symbol id="sm-c4f">
         <name>I2CMasterIntDisableEx</name>
         <value>0x20012057</value>
         <object_component_ref idref="oc-5da"/>
      </symbol>
      <symbol id="sm-c50">
         <name>I2CMasterBurstLengthSet</name>
         <value>0x200121d9</value>
         <object_component_ref idref="oc-863"/>
      </symbol>
      <symbol id="sm-c51">
         <name>I2CMasterIntClearEx</name>
         <value>0x2001230f</value>
         <object_component_ref idref="oc-5ce"/>
      </symbol>
      <symbol id="sm-c52">
         <name>I2CMasterSlaveAddrSet</name>
         <value>0x20011e65</value>
         <object_component_ref idref="oc-857"/>
      </symbol>
      <symbol id="sm-c53">
         <name>I2CMasterIntEnableEx</name>
         <value>0x2001206f</value>
         <object_component_ref idref="oc-869"/>
      </symbol>
      <symbol id="sm-c54">
         <name>I2CFIFOStatus</name>
         <value>0x200123e9</value>
         <object_component_ref idref="oc-5f2"/>
      </symbol>
      <symbol id="sm-c55">
         <name>I2CMasterIntStatusEx</name>
         <value>0x20011f09</value>
         <object_component_ref idref="oc-5c8"/>
      </symbol>
      <symbol id="sm-c56">
         <name>I2CFIFODataGetNonBlocking</name>
         <value>0x20011d3d</value>
         <object_component_ref idref="oc-84f"/>
      </symbol>
      <symbol id="sm-c9b">
         <name>IntVTableBaseSet</name>
         <value>0x20012299</value>
         <object_component_ref idref="oc-af"/>
      </symbol>
      <symbol id="sm-c9c">
         <name>IntEnable</name>
         <value>0x2000f735</value>
         <object_component_ref idref="oc-b5"/>
      </symbol>
      <symbol id="sm-c9d">
         <name>IntMasterDisable</name>
         <value>0x20012515</value>
         <object_component_ref idref="oc-53"/>
      </symbol>
      <symbol id="sm-c9e">
         <name>IntPendSet</name>
         <value>0x2000fe8d</value>
         <object_component_ref idref="oc-93c"/>
      </symbol>
      <symbol id="sm-cd8">
         <name>PinModeGet</name>
         <value>0x20011a05</value>
         <object_component_ref idref="oc-28e"/>
      </symbol>
      <symbol id="sm-cd9">
         <name>PinConfigSet</name>
         <value>0x2000ff15</value>
         <object_component_ref idref="oc-448"/>
      </symbol>
      <symbol id="sm-cda">
         <name>PinModeSet</name>
         <value>0x20011535</value>
         <object_component_ref idref="oc-294"/>
      </symbol>
      <symbol id="sm-cdb">
         <name>PinToPadGet</name>
         <value>0x20011f81</value>
         <object_component_ref idref="oc-90a"/>
      </symbol>
      <symbol id="sm-da4">
         <name>PRCMLPDSRestoreInfoSet</name>
         <value>0x200112d5</value>
         <object_component_ref idref="oc-91e"/>
      </symbol>
      <symbol id="sm-da5">
         <name>PRCMPeripheralReset</name>
         <value>0x20010ae9</value>
         <object_component_ref idref="oc-282"/>
      </symbol>
      <symbol id="sm-da6">
         <name>PRCMLPDSEnter</name>
         <value>0x200110e5</value>
         <object_component_ref idref="oc-75a"/>
      </symbol>
      <symbol id="sm-da7">
         <name>PRCMPeripheralClkEnable</name>
         <value>0x2001112d</value>
         <object_component_ref idref="oc-27c"/>
      </symbol>
      <symbol id="sm-da8">
         <name>PRCMLPDSEnterKeepDebugIf</name>
         <value>0x200117a9</value>
         <object_component_ref idref="oc-760"/>
      </symbol>
      <symbol id="sm-da9">
         <name>PRCMCC3200MCUInit</name>
         <value>0x2000ca91</value>
         <object_component_ref idref="oc-1d3"/>
      </symbol>
      <symbol id="sm-daa">
         <name>PRCMHIBRegWrite</name>
         <value>0x20012205</value>
         <object_component_ref idref="oc-270"/>
      </symbol>
      <symbol id="sm-dab">
         <name>PRCMSysResetCauseGet</name>
         <value>0x20010861</value>
         <object_component_ref idref="oc-269"/>
      </symbol>
      <symbol id="sm-dac">
         <name>PRCMPeripheralClkDisable</name>
         <value>0x20011c9d</value>
         <object_component_ref idref="oc-288"/>
      </symbol>
      <symbol id="sm-dad">
         <name>PRCMHIBRegRead</name>
         <value>0x200121ef</value>
         <object_component_ref idref="oc-276"/>
      </symbol>
      <symbol id="sm-df5">
         <name>TimerLoadSet</name>
         <value>0x20011c1f</value>
         <object_component_ref idref="oc-6df"/>
      </symbol>
      <symbol id="sm-df6">
         <name>TimerDisable</name>
         <value>0x20011f45</value>
         <object_component_ref idref="oc-6d3"/>
      </symbol>
      <symbol id="sm-df7">
         <name>TimerEnable</name>
         <value>0x20011f63</value>
         <object_component_ref idref="oc-70a"/>
      </symbol>
      <symbol id="sm-df8">
         <name>TimerIntDisable</name>
         <value>0x200120e9</value>
         <object_component_ref idref="oc-a1a"/>
      </symbol>
      <symbol id="sm-df9">
         <name>TimerPrescaleSet</name>
         <value>0x20011c49</value>
         <object_component_ref idref="oc-6d9"/>
      </symbol>
      <symbol id="sm-dfa">
         <name>TimerControlStall</name>
         <value>0x200118f9</value>
         <object_component_ref idref="oc-6e5"/>
      </symbol>
      <symbol id="sm-dfb">
         <name>TimerIntEnable</name>
         <value>0x20012101</value>
         <object_component_ref idref="oc-6fe"/>
      </symbol>
      <symbol id="sm-dfc">
         <name>TimerIntClear</name>
         <value>0x20012333</value>
         <object_component_ref idref="oc-6f5"/>
      </symbol>
      <symbol id="sm-e10">
         <name>UARTBusy</name>
         <value>0x20012119</value>
         <object_component_ref idref="oc-9af"/>
      </symbol>
      <symbol id="sm-e11">
         <name>UARTIntEnable</name>
         <value>0x20012131</value>
         <object_component_ref idref="oc-a7f"/>
      </symbol>
      <symbol id="sm-e15">
         <name>UtilsDelay</name>
         <value>0x2001255d</value>
         <object_component_ref idref="oc-26f"/>
      </symbol>
      <symbol id="sm-e25">
         <name>FlashDisable</name>
         <value>0x2001109d</value>
         <object_component_ref idref="oc-934"/>
      </symbol>
      <symbol id="sm-e54">
         <name>snprintf</name>
         <value>0x20011051</value>
         <object_component_ref idref="oc-2bd"/>
      </symbol>
      <symbol id="sm-e5e">
         <name>__aeabi_fmul</name>
         <value>0x20010327</value>
         <object_component_ref idref="oc-4be"/>
      </symbol>
      <symbol id="sm-e68">
         <name>__aeabi_f2iz</name>
         <value>0x20011889</value>
         <object_component_ref idref="oc-4c3"/>
      </symbol>
      <symbol id="sm-e73">
         <name>__aeabi_i2f</name>
         <value>0x200118c1</value>
         <object_component_ref idref="oc-4b9"/>
      </symbol>
      <symbol id="sm-e7c">
         <name>__aeabi_lmul</name>
         <value>0x200121a9</value>
         <object_component_ref idref="oc-51b"/>
      </symbol>
      <symbol id="sm-e97">
         <name>memcpy</name>
         <value>0x2000fba5</value>
         <object_component_ref idref="oc-3b"/>
      </symbol>
      <symbol id="sm-e98">
         <name>__aeabi_memcpy</name>
         <value>0x2000fba5</value>
         <object_component_ref idref="oc-3b"/>
      </symbol>
      <symbol id="sm-e99">
         <name>__aeabi_memcpy8</name>
         <value>0x2000fba5</value>
         <object_component_ref idref="oc-3b"/>
      </symbol>
      <symbol id="sm-e9a">
         <name>__aeabi_memcpy4</name>
         <value>0x2000fba5</value>
         <object_component_ref idref="oc-3b"/>
      </symbol>
      <symbol id="sm-ea7">
         <name>__aeabi_uldivmod</name>
         <value>0x2000fcd9</value>
         <object_component_ref idref="oc-510"/>
      </symbol>
      <symbol id="sm-eb9">
         <name>__TI_zero_init</name>
         <value>0x200124dd</value>
         <object_component_ref idref="oc-4d"/>
      </symbol>
      <symbol id="sm-ed0">
         <name>__TI_decompress_none</name>
         <value>0x200124ab</value>
         <object_component_ref idref="oc-1a"/>
      </symbol>
      <symbol id="sm-ef3">
         <name>__TI_decompress_lzss</name>
         <value>0x200106c9</value>
         <object_component_ref idref="oc-14"/>
      </symbol>
      <symbol id="sm-f7c">
         <name>_sys_memory</name>
         <value>0x20004040</value>
         <object_component_ref idref="oc-2a"/>
      </symbol>
      <symbol id="sm-f7d">
         <name>free</name>
         <value>0x2000ece1</value>
         <object_component_ref idref="oc-633"/>
      </symbol>
      <symbol id="sm-f7e">
         <name>memalign</name>
         <value>0x2000e8f5</value>
         <object_component_ref idref="oc-8bb"/>
      </symbol>
      <symbol id="sm-f7f">
         <name>malloc</name>
         <value>0x20012539</value>
         <object_component_ref idref="oc-685"/>
      </symbol>
      <symbol id="sm-f80">
         <name>aligned_alloc</name>
         <value>0x2000e8f5</value>
         <object_component_ref idref="oc-8bb"/>
      </symbol>
      <symbol id="sm-f92">
         <name>__stack</name>
         <value>0x20003000</value>
         <object_component_ref idref="oc-2d"/>
      </symbol>
      <symbol id="sm-f93">
         <name>_c_int00_noargs</name>
         <value>0x20011e41</value>
         <object_component_ref idref="oc-c5"/>
      </symbol>
      <symbol id="sm-10f8">
         <name>__TI_printfi</name>
         <value>0x2000c041</value>
         <object_component_ref idref="oc-3a5"/>
      </symbol>
      <symbol id="sm-1102">
         <name>__aeabi_idiv0</name>
         <value>0x200117a7</value>
         <object_component_ref idref="oc-72b"/>
      </symbol>
      <symbol id="sm-1103">
         <name>__aeabi_ldiv0</name>
         <value>0x200117a7</value>
         <object_component_ref idref="oc-72b"/>
      </symbol>
      <symbol id="sm-111a">
         <name>__aeabi_dsub</name>
         <value>0x2000d9ad</value>
         <object_component_ref idref="oc-7eb"/>
      </symbol>
      <symbol id="sm-111b">
         <name>__aeabi_dadd</name>
         <value>0x2000d9b7</value>
         <object_component_ref idref="oc-7eb"/>
      </symbol>
      <symbol id="sm-113d">
         <name>__aeabi_cdcmpeq</name>
         <value>0x2000ff9d</value>
         <object_component_ref idref="oc-558"/>
      </symbol>
      <symbol id="sm-113e">
         <name>__aeabi_cdcmple</name>
         <value>0x2000ff9d</value>
         <object_component_ref idref="oc-558"/>
      </symbol>
      <symbol id="sm-113f">
         <name>__aeabi_cdrcmple</name>
         <value>0x20010023</value>
         <object_component_ref idref="oc-7d6"/>
      </symbol>
      <symbol id="sm-1153">
         <name>__aeabi_ddiv</name>
         <value>0x2000e33d</value>
         <object_component_ref idref="oc-7d1"/>
      </symbol>
      <symbol id="sm-115e">
         <name>__aeabi_dmul</name>
         <value>0x2000eaf1</value>
         <object_component_ref idref="oc-7cc"/>
      </symbol>
      <symbol id="sm-1168">
         <name>__aeabi_d2iz</name>
         <value>0x200111bd</value>
         <object_component_ref idref="oc-7db"/>
      </symbol>
      <symbol id="sm-1172">
         <name>__aeabi_i2d</name>
         <value>0x20011b99</value>
         <object_component_ref idref="oc-7e6"/>
      </symbol>
      <symbol id="sm-1181">
         <name>__aeabi_memset</name>
         <value>0x200103a3</value>
         <object_component_ref idref="oc-9d"/>
      </symbol>
      <symbol id="sm-1182">
         <name>memset</name>
         <value>0x200103a9</value>
         <object_component_ref idref="oc-9d"/>
      </symbol>
      <symbol id="sm-1183">
         <name>__aeabi_memset8</name>
         <value>0x200103a3</value>
         <object_component_ref idref="oc-9d"/>
      </symbol>
      <symbol id="sm-1184">
         <name>__aeabi_memset4</name>
         <value>0x200103a3</value>
         <object_component_ref idref="oc-9d"/>
      </symbol>
      <symbol id="sm-1185">
         <name>__aeabi_memclr8</name>
         <value>0x200103a1</value>
         <object_component_ref idref="oc-9d"/>
      </symbol>
      <symbol id="sm-1186">
         <name>__aeabi_memclr4</name>
         <value>0x200103a1</value>
         <object_component_ref idref="oc-9d"/>
      </symbol>
      <symbol id="sm-1187">
         <name>__aeabi_memclr</name>
         <value>0x200103a1</value>
         <object_component_ref idref="oc-9d"/>
      </symbol>
      <symbol id="sm-11af">
         <name>__TI_auto_init_nobinit_nopinit</name>
         <value>0x2001146d</value>
         <object_component_ref idref="oc-172"/>
      </symbol>
      <symbol id="sm-11b9">
         <name>_system_pre_init</name>
         <value>0x2001256f</value>
         <object_component_ref idref="oc-114"/>
      </symbol>
      <symbol id="sm-11c5">
         <name>C$$EXIT</name>
         <value>0x20012573</value>
         <object_component_ref idref="oc-166"/>
      </symbol>
      <symbol id="sm-11c6">
         <name>abort</name>
         <value>0x20012573</value>
         <object_component_ref idref="oc-166"/>
      </symbol>
      <symbol id="sm-11db">
         <name>_nop</name>
         <value>0x2001041b</value>
         <object_component_ref idref="oc-345"/>
      </symbol>
      <symbol id="sm-11dc">
         <name>_lock</name>
         <value>0x20012b18</value>
         <object_component_ref idref="oc-21c"/>
      </symbol>
      <symbol id="sm-11dd">
         <name>_unlock</name>
         <value>0x20012b1c</value>
         <object_component_ref idref="oc-21c"/>
      </symbol>
      <symbol id="sm-11ec">
         <name>__TI_ltoa</name>
         <value>0x20010bef</value>
         <object_component_ref idref="oc-7e0"/>
      </symbol>
      <symbol id="sm-1203">
         <name>atoi</name>
         <value>0x20010fb9</value>
         <object_component_ref idref="oc-54c"/>
      </symbol>
      <symbol id="sm-120e">
         <name>_ctypes_</name>
         <value>0x20012b44</value>
         <object_component_ref idref="oc-7c5"/>
      </symbol>
      <symbol id="sm-121e">
         <name>memccpy</name>
         <value>0x20011fd5</value>
         <object_component_ref idref="oc-575"/>
      </symbol>
      <symbol id="sm-122e">
         <name>strchr</name>
         <value>0x20012231</value>
         <object_component_ref idref="oc-817"/>
      </symbol>
      <symbol id="sm-123c">
         <name>strlen</name>
         <value>0x200122e9</value>
         <object_component_ref idref="oc-546"/>
      </symbol>
      <symbol id="sm-1252">
         <name>__aeabi_errno_addr</name>
         <value>0x20012531</value>
         <object_component_ref idref="oc-581"/>
      </symbol>
      <symbol id="sm-1253">
         <name>errno</name>
         <value>0x20012b40</value>
         <object_component_ref idref="oc-827"/>
      </symbol>
      <symbol id="sm-126c">
         <name>wcslen</name>
         <value>0x20012357</value>
         <object_component_ref idref="oc-57b"/>
      </symbol>
      <symbol id="sm-128c">
         <name>frexpl</name>
         <value>0x2001097d</value>
         <object_component_ref idref="oc-80b"/>
      </symbol>
      <symbol id="sm-128d">
         <name>frexp</name>
         <value>0x2001097d</value>
         <object_component_ref idref="oc-80b"/>
      </symbol>
      <symbol id="sm-12ab">
         <name>scalbn</name>
         <value>0x2000edc5</value>
         <object_component_ref idref="oc-811"/>
      </symbol>
      <symbol id="sm-12ac">
         <name>scalbnl</name>
         <value>0x2000edc5</value>
         <object_component_ref idref="oc-811"/>
      </symbol>
      <symbol id="sm-12ad">
         <name>ldexpl</name>
         <value>0x2000edc5</value>
         <object_component_ref idref="oc-811"/>
      </symbol>
      <symbol id="sm-12ae">
         <name>ldexp</name>
         <value>0x2000edc5</value>
         <object_component_ref idref="oc-811"/>
      </symbol>
      <symbol id="sm-12b8">
         <name>copysign</name>
         <value>0x200124d1</value>
         <object_component_ref idref="oc-9dc"/>
      </symbol>
      <symbol id="sm-12b9">
         <name>copysignl</name>
         <value>0x200124d1</value>
         <object_component_ref idref="oc-9dc"/>
      </symbol>
      <symbol id="sm-12ba">
         <name>__TI_static_base__</name>
         <value>0x200134a0</value>
      </symbol>
      <symbol id="sm-12bd">
         <name>ITM_flush</name>
         <value>0x0</value>
      </symbol>
      <symbol id="sm-12be">
         <name>ITM_restore</name>
         <value>0x0</value>
      </symbol>
      <symbol id="sm-12bf">
         <name>__mpu_init</name>
         <value>0x0</value>
      </symbol>
      <symbol id="sm-12c0">
         <name>_system_post_cinit</name>
         <value>0x0</value>
      </symbol>
      <symbol id="sm-12c1">
         <name>NoRTOS_start</name>
         <value>0x20012473</value>
      </symbol>
   </symbol_table>
   <title>Link successful</title>
</link_info>
