******************************************************************************
                  TI ARM Linker PC v20.2.7                     
******************************************************************************
>> Linked Sat Aug 17 12:55:40 2024

OUTPUT FILE NAME:   <gpiointerrupt_CC3220S_LAUNCHXL_nortos_ccs.out>
ENTRY POINT SYMBOL: "resetISR"  address: 20012025


MEMORY CONFIGURATION

         name            origin    length      used     unused   attr    fill
----------------------  --------  ---------  --------  --------  ----  --------
  SRAM2                 20000000   00004000  0000130c  00002cf4  RW X
  SRAM                  20004000   0003c000  0000f590  0002ca70  RW X
  LOG_DATA              90000000   00040000  00000000  00040000  R   


SEGMENT ALLOCATION MAP

run origin  load origin   length   init length attrs members
----------  ----------- ---------- ----------- ----- -------
20003000    20003000    00001000   00000000    rw-
  20003000    20003000    00001000   00000000    rw- .stack
20004000    20004000    00000040   00000040    r--
  20004000    20004000    00000040   00000040    r-- .resetVecs
20004040    20004040    00008000   00000000    rw-
  20004040    20004040    00008000   00000000    rw- .sysmem
2000c040    2000c040    00006536   00006536    r-x
  2000c040    2000c040    00006536   00006536    r-x .text
20012578    20012578    000005cc   00000000    rw-
  20012578    20012578    000005cc   00000000    rw- .data
20012b44    20012b44    00000532   00000532    r--
  20012b44    20012b44    00000532   00000532    r-- .const
20013078    20013078    00000424   00000000    rw-
  20013078    20013078    00000424   00000000    rw- .bss
200134a0    200134a0    000000f8   000000f8    r--
  200134a0    200134a0    000000f8   000000f8    r-- .cinit


SECTION ALLOCATION MAP

 output                                  attributes/
section   page    origin      length       input sections
--------  ----  ----------  ----------   ----------------
.text      0    2000c040    00006536     
                  2000c040    00000a4e     rtsv7M4_T_le_eabi.lib : _printfi.c.obj (.text:__TI_printfi)
                  2000ca8e    00000002     ti_drivers_config.obj (.text:Board_initHook)
                  2000ca90    0000042c     driverlib.a : prcm.obj (.text:PRCMCC3200MCUInit)
                  2000cebc    00000288     drivers_cc32xx.a : UARTCC32XX.oem4 (.text:UARTCC32XX_open)
                  2000d144    00000268     rtsv7M4_T_le_eabi.lib : _printfi.c.obj (.text:_pconv_a)
                  2000d3ac    00000250     gpiointerrupt.obj (.text:initI2C)
                  2000d5fc    000001e4     drivers_cc32xx.a : GPIOCC32XX.oem4 (.text:GPIO_setConfig)
                  2000d7e0    000001cc     rtsv7M4_T_le_eabi.lib : _printfi.c.obj (.text:_pconv_g)
                  2000d9ac    000001b6                           : fd_add_t2.asm.obj (.text)
                  2000db62    00000002     drivers_cc32xx.a : I2C.oem4 (.text:I2C_init)
                  2000db64    0000019c     nortos_cc32xx.a : PowerCC32XX_nortos.oem4 (.text:PowerCC32XX_sleepPolicy)
                  2000dd00    00000148     drivers_cc32xx.a : I2CCC32XX.oem4 (.text:I2CCC32XX_hwiFxn)
                  2000de48    00000148                      : PowerCC32XX.oem4 (.text:parkPins)
                  2000df90    0000013c     rtsv7M4_T_le_eabi.lib : _printfi.c.obj (.text:_pconv_e)
                  2000e0cc    00000138     drivers_cc32xx.a : PowerCC32XX.oem4 (.text:Power_sleep)
                  2000e204    00000138                      : TimerCC32XX.oem4 (.text:Timer_open)
                  2000e33c    00000136     rtsv7M4_T_le_eabi.lib : fd_div_t2.asm.obj (.text)
                  2000e472    00000122     drivers_cc32xx.a : I2C.oem4 (.text:I2C_transferTimeout)
                  2000e594    00000120                      : UARTCC32XX.oem4 (.text:UARTCC32XX_close)
                  2000e6b4    00000120     rtsv7M4_T_le_eabi.lib : _printfi.c.obj (.text:fcvt)
                  2000e7d4    00000120     gpiointerrupt.obj (.text:readTemp)
                  2000e8f4    00000100     rtsv7M4_T_le_eabi.lib : memory.c.obj (.text:aligned_alloc)
                  2000e9f4    000000fc     drivers_cc32xx.a : I2CCC32XX.oem4 (.text:I2C_open)
                  2000eaf0    000000fc     rtsv7M4_T_le_eabi.lib : fd_mul_t2.asm.obj (.text)
                  2000ebec    000000f2     drivers_cc32xx.a : UARTCC32XX.oem4 (.text:UARTCC32XX_control)
                  2000ecde    00000002     nortos_cc32xx.a : PowerCC32XX_nortos.oem4 (.text:PowerCC32XX_initPolicy)
                  2000ece0    000000e4     rtsv7M4_T_le_eabi.lib : memory.c.obj (.text:free)
                  2000edc4    000000d0                           : s_scalbn.c.obj (.text:scalbn)
                  2000ee94    000000ca     drivers_cc32xx.a : UARTCC32XX.oem4 (.text:UARTCC32XX_write)
                  2000ef5e    00000002     nortos_cc32xx.a : SemaphoreP_nortos.oem4 (.text:SemaphoreP_destruct)
                  2000ef60    000000c4     drivers_cc32xx.a : GPIOCC32XX.oem4 (.text:GPIO_init)
                  2000f024    000000c0                      : PowerCC32XX.oem4 (.text:restoreParkedPins)
                  2000f0e4    000000bc     gpiointerrupt.obj (.text:mainThread)
                  2000f1a0    000000ba     drivers_cc32xx.a : UARTCC32XX.oem4 (.text:UARTCC32XX_readPolling)
                  2000f25a    00000002                      : Timer.oem4 (.text:Timer_init)
                  2000f25c    000000b8                      : UARTCC32XX.oem4 (.text:initHw)
                  2000f314    000000b6                      : UARTCC32XX.oem4 (.text:readTaskCallback)
                  2000f3ca    000000b2                      : I2CCC32XX.oem4 (.text:I2CCC32XX_completeTransfer)
                  2000f47c    000000b1     rtsv7M4_T_le_eabi.lib : _printfi.c.obj (.text:_ltostr)
                  2000f52d    00000001     --HOLE-- [fill = 0]
                  2000f52e    000000b0     drivers_cc32xx.a : UARTCC32XX.oem4 (.text:readTaskBlocking)
                  2000f5de    000000ae                      : UARTCC32XX.oem4 (.text:readIsrTextBlocking)
                  2000f68c    000000a8                      : I2CCC32XX.oem4 (.text:I2CCC32XX_primeWriteBurst)
                  2000f734    000000a8     driverlib.a : interrupt.obj (.text:IntEnable)
                  2000f7dc    000000a8     drivers_cc32xx.a : PowerCC32XX.oem4 (.text:PowerCC32XX_configureWakeup)
                  2000f884    000000a2                      : UARTCC32XX.oem4 (.text:readIsrTextCallback)
                  2000f926    000000a2                      : UARTCC32XX.oem4 (.text:writeData)
                  2000f9c8    000000a0     nortos_cc32xx.a : SemaphoreP_nortos.oem4 (.text:SemaphoreP_pend)
                  2000fa68    000000a0     gpiointerrupt.obj (.text:setHeat)
                  2000fb08    0000009c     drivers_cc32xx.a : I2CCC32XX.oem4 (.text:I2CCC32XX_initHw)
                  2000fba4    0000009c     rtsv7M4_T_le_eabi.lib : memcpy_t2.asm.obj (.text)
                  2000fc40    00000098     drivers_cc32xx.a : GPIOCC32XX.oem4 (.text:powerNotifyFxn)
                  2000fcd8    00000096     rtsv7M4_T_le_eabi.lib : ull_div_t2.asm.obj (.text)
                  2000fd6e    00000002     drivers_cc32xx.a : UARTCC32XX.oem4 (.text:UARTCC32XX_init)
                  2000fd70    00000090                      : PowerCC32XX.oem4 (.text:restoreNVICRegs)
                  2000fe00    0000008c     nortos_cc32xx.a : HwiPCC32XX_nortos.oem4 (.text:HwiP_construct)
                  2000fe8c    00000088     driverlib.a : interrupt.obj (.text:IntPendSet)
                  2000ff14    00000088                 : pin.obj (.text:PinConfigSet)
                  2000ff9c    00000086     rtsv7M4_T_le_eabi.lib : fd_cmp_t2.asm.obj (.text:__aeabi_cdcmple)
                  20010022    00000086                           : fd_cmp_t2.asm.obj (.text:__aeabi_cdrcmple)
                  200100a8    00000084     drivers_cc32xx.a : PowerCC32XX.oem4 (.text:Power_init)
                  2001012c    00000084                      : PowerCC32XX.oem4 (.text:saveNVICRegs)
                  200101b0    00000080                      : PowerCC32XX.oem4 (.text:Power_setDependency)
                  20010230    0000007c                      : UARTCC32XX.oem4 (.text:readIsrBinaryBlocking)
                  200102ac    0000007a                      : I2CCC32XX.oem4 (.text:I2CCC32XX_primeReadBurst)
                  20010326    0000007a     rtsv7M4_T_le_eabi.lib : fs_mul_t2.asm.obj (.text)
                  200103a0    0000007a                           : memset_t2.asm.obj (.text)
                  2001041a    00000002                           : _lock.c.obj (.text:_nop)
                  2001041c    00000078     drivers_cc32xx.a : GPIOCC32XX.oem4 (.text:GPIO_hwiIntFxn)
                  20010494    00000078                      : UARTCC32XX.oem4 (.text:readIsrBinaryCallback)
                  2001050c    00000074                      : UARTCC32XX.oem4 (.text:UARTCC32XX_hwiIntFxn)
                  20010580    00000070     rtsv7M4_T_le_eabi.lib : memory.c.obj (.text:split)
                  200105f0    0000006e                           : _printfi.c.obj (.text:_mcpy)
                  2001065e    0000006a     drivers_cc32xx.a : I2CCC32XX.oem4 (.text:I2CSupport_primeTransfer)
                  200106c8    00000068     rtsv7M4_T_le_eabi.lib : copy_decompress_lzss.c.obj (.text:decompress:lzss:__TI_decompress_lzss)
                  20010730    00000066     drivers_cc32xx.a : UARTCC32XX.oem4 (.text:UARTCC32XX_writeCancel)
                  20010796    00000002     nortos_cc32xx.a : startup_cc32xx_ccs.oem4 (.text:busFaultHandler)
                  20010798    00000064     drivers_cc32xx.a : PowerCC32XX.oem4 (.text:PowerCC32XX_setParkState)
                  200107fc    00000062                      : UARTCC32XX.oem4 (.text:UARTCC32XX_writePolling)
                  2001085e    00000002     nortos_cc32xx.a : SemaphoreP_nortos.oem4 (.text:clkFxn)
                  20010860    00000060     driverlib.a : prcm.obj (.text:PRCMSysResetCauseGet)
                  200108c0    00000060     gpiointerrupt.obj (.text:changeSetPoint)
                  20010920    0000005c     drivers_cc32xx.a : GPIOCC32XX.oem4 (.text:GPIO_setCallback)
                  2001097c    0000005c     rtsv7M4_T_le_eabi.lib : s_frexp.c.obj (.text:frexp)
                  200109d8    0000005c     gpiointerrupt.obj (.text:initGPIO)
                  20010a34    0000005c     nortos_cc32xx.a : ClockPSysTick_nortos.oem4 (.text:sysTickInit)
                  20010a90    00000058     drivers_cc32xx.a : GPIOCC32XX.oem4 (.text:GPIO_write)
                  20010ae8    00000058     driverlib.a : prcm.obj (.text:PRCMPeripheralReset)
                  20010b40    00000058     drivers_cc32xx.a : PowerCC32XX.oem4 (.text:Power_releaseDependency)
                  20010b98    00000056     rtsv7M4_T_le_eabi.lib : _printfi.c.obj (.text:_pconv_f)
                  20010bee    00000054                           : _ltoa.c.obj (.text:__TI_ltoa)
                  20010c42    00000002     nortos_cc32xx.a : startup_cc32xx_ccs.oem4 (.text:defaultHandler)
                  20010c44    00000054     gpiointerrupt.obj (.text:initTimer)
                  20010c98    00000054     drivers_cc32xx.a : UARTCC32XX.oem4 (.text:ringBufGet)
                  20010cec    00000052                      : PowerCC32XX_asm.oem4 (.text:PowerCC32XX_resumeLPDS)
                  20010d3e    00000052     rtsv7M4_T_le_eabi.lib : _printfi.c.obj (.text:_ecpy)
                  20010d90    00000052     drivers_cc32xx.a : TimerCC32XX.oem4 (.text:initHw)
                  20010de2    00000002     nortos_cc32xx.a : startup_cc32xx_ccs.oem4 (.text:faultISR)
                  20010de4    00000050                     : ClockPSysTick_nortos.oem4 (.text:ClockP_sysTickHandler)
                  20010e34    00000050                     : SemaphoreP_nortos.oem4 (.text:SemaphoreP_construct)
                  20010e84    00000050     drivers_cc32xx.a : TimerCC32XX.oem4 (.text:TimerCC32XX_allocateTimerResource)
                  20010ed4    0000004c                      : GPIOCC32XX.oem4 (.text:GPIO_enableInt)
                  20010f20    0000004c                      : I2CCC32XX.oem4 (.text:I2CCC32XX_readRecieveFifo)
                  20010f6c    0000004c                      : PowerCC32XX.oem4 (.text:PowerCC32XX_parkPin)
                  20010fb8    0000004c     rtsv7M4_T_le_eabi.lib : atoi.c.obj (.text:atoi)
                  20011004    0000004c     drivers_cc32xx.a : PowerCC32XX.oem4 (.text:restorePeriphClocks)
                  20011050    0000004c     rtsv7M4_T_le_eabi.lib : snprintf.c.obj (.text:snprintf)
                  2001109c    00000048     driverlib.a : flash.obj (.text:FlashDisable)
                  200110e4    00000048                 : prcm.obj (.text:PRCMLPDSEnter)
                  2001112c    00000048                 : prcm.obj (.text:PRCMPeripheralClkEnable)
                  20011174    00000048     drivers_cc32xx.a : PowerCC32XX.oem4 (.text:Power_releaseConstraint)
                  200111bc    00000048     rtsv7M4_T_le_eabi.lib : fd_toi_t2.asm.obj (.text)
                  20011204    00000046     drivers_cc32xx.a : RingBuf.oem4 (.text:RingBuf_put)
                  2001124a    00000046                      : TimerCC32XX.oem4 (.text:getPrescaler)
                  20011290    00000044     nortos_cc32xx.a : ClockPSysTick_nortos.oem4 (.text:ClockP_stop)
                  200112d4    00000044     driverlib.a : prcm.obj (.text:PRCMLPDSRestoreInfoSet)
                  20011318    00000044     drivers_cc32xx.a : PowerCC32XX_asm.oem4 (.text:PowerCC32XX_enterLPDS)
                  2001135c    00000044     nortos_cc32xx.a : SemaphoreP_nortos.oem4 (.text:SemaphoreP_post)
                  200113a0    00000044                     : SwiP_nortos.oem4 (.text:SwiP_restore)
                  200113e4    00000044     drivers_cc32xx.a : Timer.oem4 (.text:Timer_start)
                  20011428    00000044                      : UART.oem4 (.text:UART_init)
                  2001146c    00000044     rtsv7M4_T_le_eabi.lib : autoinit.c.obj (.text:__TI_auto_init_nobinit_nopinit:__TI_auto_init_nobinit_nopinit)
                  200114b0    00000044     gpiointerrupt.obj (.text:initUART)
                  200114f4    00000040     nortos_cc32xx.a : ClockPSysTick_nortos.oem4 (.text:ClockP_construct)
                  20011534    00000040     driverlib.a : pin.obj (.text:PinModeSet)
                  20011574    00000040     drivers_cc32xx.a : RingBuf.oem4 (.text:RingBuf_get)
                  200115b4    00000040                      : TimerCC32XX.oem4 (.text:TimerSupport_timerEnable)
                  200115f4    00000040                      : TimerCC32XX.oem4 (.text:Timer_close)
                  20011634    00000040                      : UARTCC32XX.oem4 (.text:UARTCC32XX_read)
                  20011674    00000040                      : UART.oem4 (.text:UART_open)
                  200116b4    0000003e     rtsv7M4_T_le_eabi.lib : _printfi.c.obj (.text:_fcpy)
                  200116f2    00000002     nortos_cc32xx.a : startup_cc32xx_ccs.oem4 (.text:nmiISR)
                  200116f4    0000003c                     : ClockPSysTick_nortos.oem4 (.text:ClockP_destruct)
                  20011730    0000003c     drivers_cc32xx.a : PowerCC32XX.oem4 (.text:Power_setConstraint)
                  2001176c    0000003a     nortos_cc32xx.a : PowerCC32XX_nortos.oem4 (.text:getCountsRTC)
                  200117a6    00000002     rtsv7M4_T_le_eabi.lib : div0.asm.obj (.text)
                  200117a8    00000038     driverlib.a : prcm.obj (.text:PRCMLPDSEnterKeepDebugIf)
                  200117e0    00000038     nortos_cc32xx.a : ClockPSysTick_nortos.oem4 (.text:addToList)
                  20011818    00000038                     : startup_cc32xx_ccs.oem4 (.text:initVectors)
                  20011850    00000038     drivers_cc32xx.a : PowerCC32XX.oem4 (.text:notify)
                  20011888    00000038     rtsv7M4_T_le_eabi.lib : fs_toi_t2.asm.obj (.text)
                  200118c0    00000038                           : i_tofs_t2.asm.obj (.text)
                  200118f8    00000036     driverlib.a : timer.obj (.text:TimerControlStall)
                  2001192e    00000036     drivers_cc32xx.a : Timer.oem4 (.text:Timer_stop)
                  20011964    00000036                      : UARTCC32XX.oem4 (.text:UARTCC32XX_readCancel)
                  2001199a    00000002     --HOLE-- [fill = 0]
                  2001199c    00000034     nortos_cc32xx.a : ClockPSysTick_nortos.oem4 (.text:ClockP_getTicksUntilInterrupt)
                  200119d0    00000034                     : ClockPSysTick_nortos.oem4 (.text:ClockP_startup)
                  20011a04    00000034     driverlib.a : pin.obj (.text:PinModeGet)
                  20011a38    00000034     drivers_cc32xx.a : PowerCC32XX.oem4 (.text:PowerCC32XX_restoreParkState)
                  20011a6c    00000034                      : TimerCC32XX.oem4 (.text:TimerCC32XX_freeTimerResource)
                  20011aa0    00000034                      : TimerCC32XX.oem4 (.text:TimerCC32XX_hwiIntFunction)
                  20011ad4    00000034                      : TimerCC32XX.oem4 (.text:getPowerMgrId)
                  20011b08    00000030     nortos_cc32xx.a : ClockPSysTick_nortos.oem4 (.text:ClockP_start)
                  20011b38    00000030     drivers_cc32xx.a : PowerCC32XX.oem4 (.text:PowerCC32XX_restoreParkedPin)
                  20011b68    00000030     rtsv7M4_T_le_eabi.lib : snprintf.c.obj (.text:_outs)
                  20011b98    0000002e                           : i_tofd_t2.asm.obj (.text)
                  20011bc6    00000002     --HOLE-- [fill = 0]
                  20011bc8    0000002c     drivers_cc32xx.a : PowerCC32XX.oem4 (.text:PowerCC32XX_getParkState)
                  20011bf4    0000002a     nortos_cc32xx.a : HwiPCC32XX_nortos.oem4 (.text:HwiP_create)
                  20011c1e    0000002a     driverlib.a : timer.obj (.text:TimerLoadSet)
                  20011c48    0000002a                 : timer.obj (.text:TimerPrescaleSet)
                  20011c72    00000028                 : i2c.obj (.text:I2CFIFODataPutNonBlocking)
                  20011c9a    00000002     --HOLE-- [fill = 0]
                  20011c9c    00000028                 : prcm.obj (.text:PRCMPeripheralClkDisable)
                  20011cc4    00000028     drivers_cc32xx.a : PowerCC32XX.oem4 (.text:Power_registerNotify)
                  20011cec    00000028     rtsv7M4_T_le_eabi.lib : memory.c.obj (.text:free_list_insert)
                  20011d14    00000028     gpiointerrupt.obj (.text:getTemperature)
                  20011d3c    00000026     driverlib.a : i2c.obj (.text:I2CFIFODataGetNonBlocking)
                  20011d62    00000026     drivers_cc32xx.a : I2C.oem4 (.text:I2C_cancel)
                  20011d88    00000026                      : List.oem4 (.text:List_put)
                  20011dae    00000026                      : List.oem4 (.text:List_remove)
                  20011dd4    00000024     nortos_cc32xx.a : HwiPCC32XX_nortos.oem4 (.text:HwiP_dispatch)
                  20011df8    00000024     drivers_cc32xx.a : PowerCC32XX.oem4 (.text:PowerCC32XX_reset)
                  20011e1c    00000024                      : TimerCC32XX.oem4 (.text:TimerSupport_timerDisable)
                  20011e40    00000024     rtsv7M4_T_le_eabi.lib : boot_cortex_m.c.obj (.text:_c_int00_noargs:_c_int00_noargs)
                  20011e64    00000022     driverlib.a : i2c.obj (.text:I2CMasterSlaveAddrSet)
                  20011e86    00000020     nortos_cc32xx.a : HwiPCC32XX_nortos.oem4 (.text:HwiP_destruct)
                  20011ea6    00000002     --HOLE-- [fill = 0]
                  20011ea8    00000020     drivers_cc32xx.a : PowerCC32XX.oem4 (.text:Power_unregisterNotify)
                  20011ec8    00000020                      : RingBuf.oem4 (.text:RingBuf_peek)
                  20011ee8    00000020                      : UARTCC32XX.oem4 (.text:getPowerMgrId)
                  20011f08    0000001e     driverlib.a : i2c.obj (.text:I2CMasterIntStatusEx)
                  20011f26    0000001e     nortos_cc32xx.a : SemaphoreP_nortos.oem4 (.text:SemaphoreP_constructBinary)
                  20011f44    0000001e     driverlib.a : timer.obj (.text:TimerDisable)
                  20011f62    0000001e                 : timer.obj (.text:TimerEnable)
                  20011f80    0000001c                 : pin.obj (.text:PinToPadGet)
                  20011f9c    0000001c     nortos_cc32xx.a : SwiP_nortos.oem4 (.text:SwiP_disable)
                  20011fb8    0000001c     rtsv7M4_T_le_eabi.lib : memory.c.obj (.text:free_list_remove)
                  20011fd4    0000001c                           : memccpy.c.obj (.text:memccpy)
                  20011ff0    0000001a     nortos_cc32xx.a : ClockPSysTick_nortos.oem4 (.text:ClockP_create)
                  2001200a    0000001a                     : SemaphoreP_nortos.oem4 (.text:SemaphoreP_createBinary)
                  20012024    0000001a                     : startup_cc32xx_ccs.oem4 (.text:resetISR)
                  2001203e    00000018     driverlib.a : i2c.obj (.text:I2CMasterBusBusy)
                  20012056    00000018                 : i2c.obj (.text:I2CMasterIntDisableEx)
                  2001206e    00000018                 : i2c.obj (.text:I2CMasterIntEnableEx)
                  20012086    00000018                 : i2c.obj (.text:I2CRxFIFOFlush)
                  2001209e    00000018                 : i2c.obj (.text:I2CTxFIFOFlush)
                  200120b6    00000002     --HOLE-- [fill = 0]
                  200120b8    00000018     drivers_cc32xx.a : PowerCC32XX.oem4 (.text:Power_getTransitionLatency)
                  200120d0    00000018                      : PowerCC32XX.oem4 (.text:Power_idleFunc)
                  200120e8    00000018     driverlib.a : timer.obj (.text:TimerIntDisable)
                  20012100    00000018                 : timer.obj (.text:TimerIntEnable)
                  20012118    00000018                 : uart.obj (.text:UARTBusy)
                  20012130    00000018                 : uart.obj (.text:UARTIntEnable)
                  20012148    00000018     drivers_cc32xx.a : UART.oem4 (.text:UART_Params_init)
                  20012160    00000018     rtsv7M4_T_le_eabi.lib : snprintf.c.obj (.text:_outc)
                  20012178    00000018     gpiointerrupt.obj (.text:gpioDecreaseTemperatureCallback)
                  20012190    00000018     gpiointerrupt.obj (.text:gpioIncreaseTemperatureCallback)
                  200121a8    00000018     rtsv7M4_T_le_eabi.lib : ll_mul_t2.asm.obj (.text)
                  200121c0    00000018     gpiointerrupt.obj (.text:timerCallback)
                  200121d8    00000016     driverlib.a : i2c.obj (.text:I2CMasterBurstLengthSet)
                  200121ee    00000016                 : prcm.obj (.text:PRCMHIBRegRead)
                  20012204    00000016                 : prcm.obj (.text:PRCMHIBRegWrite)
                  2001221a    00000016     nortos_cc32xx.a : SemaphoreP_nortos.oem4 (.text:SemaphoreP_create)
                  20012230    00000016     rtsv7M4_T_le_eabi.lib : strchr.c.obj (.text:strchr)
                  20012246    00000014     driverlib.a : cpu.obj (.text:CPUcpsid)
                  2001225a    00000002     --HOLE-- [fill = 0]
                  2001225c    00000014     nortos_cc32xx.a : HwiPCC32XX_nortos.oem4 (.text:HwiP_inISR)
                  20012270    00000014     drivers_cc32xx.a : I2CCC32XX.oem4 (.text:I2CSupport_masterFinish)
                  20012284    00000014                      : I2C.oem4 (.text:I2C_transfer)
                  20012298    00000014     driverlib.a : interrupt.obj (.text:IntVTableBaseSet)
                  200122ac    00000014     drivers_cc32xx.a : PowerCC32XX.oem4 (.text:Power_disablePolicy)
                  200122c0    00000014                      : PowerCC32XX.oem4 (.text:Power_getDependencyCount)
                  200122d4    00000014                      : UARTCC32XX.oem4 (.text:releasePowerConstraint)
                  200122e8    00000014     rtsv7M4_T_le_eabi.lib : strlen.c.obj (.text:strlen)
                  200122fc    00000012     nortos_cc32xx.a : HwiPCC32XX_nortos.oem4 (.text:HwiP_Params_init)
                  2001230e    00000012     driverlib.a : i2c.obj (.text:I2CMasterIntClearEx)
                  20012320    00000012     drivers_cc32xx.a : RingBuf.oem4 (.text:RingBuf_construct)
                  20012332    00000012     driverlib.a : timer.obj (.text:TimerIntClear)
                  20012344    00000012     main_nortos.obj (.text:main)
                  20012356    00000012     rtsv7M4_T_le_eabi.lib : wcslen.c.obj (.text:wcslen)
                  20012368    00000010     ti_drivers_config.obj (.text:Board_init)
                  20012378    00000010     nortos_cc32xx.a : ClockPSysTick_nortos.oem4 (.text:ClockP_add)
                  20012388    00000010                     : ClockPSysTick_nortos.oem4 (.text:ClockP_delete)
                  20012398    00000010                     : ClockPSysTick_nortos.oem4 (.text:ClockP_getCpuFreq)
                  200123a8    00000010                     : ClockPSysTick_nortos.oem4 (.text:ClockP_getSystemTicks)
                  200123b8    00000010                     : ClockPSysTick_nortos.oem4 (.text:ClockP_setTicks)
                  200123c8    00000010                     : HwiPCC32XX_nortos.oem4 (.text:HwiP_delete)
                  200123d8    00000010                     : HwiPCC32XX_nortos.oem4 (.text:HwiP_restore)
                  200123e8    00000010     driverlib.a : i2c.obj (.text:I2CFIFOStatus)
                  200123f8    00000010     drivers_cc32xx.a : I2C.oem4 (.text:I2C_Params_init)
                  20012408    00000010                      : PowerCC32XX.oem4 (.text:Power_enablePolicy)
                  20012418    00000010     nortos_cc32xx.a : SemaphoreP_nortos.oem4 (.text:SemaphoreP_Params_init)
                  20012428    00000010     drivers_cc32xx.a : Timer.oem4 (.text:Timer_Params_init)
                  20012438    00000010                      : UARTCC32XX.oem4 (.text:readBlockingTimeout)
                  20012448    0000000e     nortos_cc32xx.a : HwiPCC32XX_nortos.oem4 (.text:HwiP_clearInterrupt)
                  20012456    0000000e                     : HwiPCC32XX_nortos.oem4 (.text:HwiP_disable)
                  20012464    0000000e                     : HwiPCC32XX_nortos.oem4 (.text:HwiP_disableInterrupt)
                  20012472    0000000e                     : HwiPCC32XX_nortos.oem4 (.text:HwiP_enable)
                  20012480    0000000e                     : HwiPCC32XX_nortos.oem4 (.text:HwiP_enableInterrupt)
                  2001248e    0000000e     drivers_cc32xx.a : I2CCC32XX.oem4 (.text:I2CCC32XX_updateReg)
                  2001249c    0000000e                      : RingBuf.oem4 (.text:RingBuf_isFull)
                  200124aa    0000000e     rtsv7M4_T_le_eabi.lib : copy_decompress_none.c.obj (.text:decompress:none:__TI_decompress_none)
                  200124b8    0000000c     drivers_cc32xx.a : I2CCC32XX.oem4 (.text:I2CCC32XX_postNotify)
                  200124c4    0000000c                      : PowerCC32XX.oem4 (.text:Power_getConstraintMask)
                  200124d0    0000000c     rtsv7M4_T_le_eabi.lib : s_copysign.c.obj (.text:copysign)
                  200124dc    0000000c                           : copy_zero_init.c.obj (.text:decompress:ZI:__TI_zero_init)
                  200124e8    0000000c     drivers_cc32xx.a : TimerCC32XX.oem4 (.text:postNotifyFxn)
                  200124f4    0000000c                      : UARTCC32XX.oem4 (.text:postNotifyFxn)
                  20012500    0000000a     nortos_cc32xx.a : ClockPSysTick_nortos.oem4 (.text:ClockP_Params_init)
                  2001250a    0000000a                     : ClockPSysTick_nortos.oem4 (.text:ClockP_isActive)
                  20012514    0000000a     driverlib.a : interrupt.obj (.text:IntMasterDisable)
                  2001251e    0000000a     drivers_cc32xx.a : UART.oem4 (.text:UART_write)
                  20012528    00000008                      : I2CCC32XX.oem4 (.text:I2CCC32XX_blockingCallback)
                  20012530    00000008     rtsv7M4_T_le_eabi.lib : errno.c.obj (.text:__aeabi_errno_addr)
                  20012538    00000008                           : memory.c.obj (.text:malloc)
                  20012540    00000008     drivers_cc32xx.a : UARTCC32XX.oem4 (.text:readSemCallback)
                  20012548    00000008                      : UARTCC32XX.oem4 (.text:writeSemCallback)
                  20012550    00000006                      : I2CCC32XX.oem4 (.text:I2CSupport_powerRelConstraint)
                  20012556    00000006                      : I2CCC32XX.oem4 (.text:I2CSupport_powerSetConstraint)
                  2001255c    00000006     driverlib.a : utils.obj (.text:UtilsDelay)
                  20012562    00000004     nortos_cc32xx.a : ClockPSysTick_nortos.oem4 (.text:ClockP_setTimeout)
                  20012566    00000004                     : HwiPCC32XX_nortos.oem4 (.text:HwiP_post)
                  2001256a    00000004                     : SemaphoreP_nortos.oem4 (.text:SemaphoreP_delete)
                  2001256e    00000004     rtsv7M4_T_le_eabi.lib : pre_init.c.obj (.text:_system_pre_init)
                  20012572    00000004                           : exit.c.obj (.text:abort:abort)

.const     0    20012b44    00000532     
                  20012b44    00000101     rtsv7M4_T_le_eabi.lib : ctype.c.obj (.const:.string:_ctypes_)
                  20012c45    00000003     --HOLE-- [fill = 0]
                  20012c48    00000100     driverlib.a : pin.obj (.const:g_ulPinToPadMap)
                  20012d48    000000a8                 : prcm.obj (.const:PRCM_PeriphRegsList)
                  20012df0    00000044     ti_drivers_config.obj (.const:PowerCC32XX_config)
                  20012e34    00000030     gpiointerrupt.obj (.const:$P$T0$1)
                  20012e64    00000028     drivers_cc32xx.a : UARTCC32XX.oem4 (.const:UARTCC32XX_fxnTable)
                  20012e8c    00000024                      : UART.oem4 (.const:UART_defaultParams)
                  20012eb0    00000024     ti_drivers_config.obj (.const:uartCC32XXHWAttrs0)
                  20012ed4    00000021     drivers_cc32xx.a : GPIOCC32XX.oem4 (.const:.string:pinTable)
                  20012ef5    00000003     --HOLE-- [fill = 0]
                  20012ef8    00000020                      : UARTCC32XX.oem4 (.const:staticFxnTable)
                  20012f18    00000018     driverlib.a : interrupt.obj (.const:g_pulEnRegs)
                  20012f30    00000018                 : interrupt.obj (.const:g_pulPendRegs)
                  20012f48    00000018     gpiointerrupt.obj (.const:sensors)
                  20012f60    00000014     ti_drivers_config.obj (.const:GPIOCC32XX_config)
                  20012f74    00000014     drivers_cc32xx.a : GPIOCC32XX.oem4 (.const:gpioBaseAddresses)
                  20012f88    00000014     ti_drivers_config.obj (.const:i2cCC32XXHWAttrs)
                  20012f9c    00000014     drivers_cc32xx.a : UARTCC32XX.oem4 (.const:parityType)
                  20012fb0    00000014                      : GPIOCC32XX.oem4 (.const:powerResources)
                  20012fc4    00000010                      : I2C.oem4 (.const:I2C_defaultParams)
                  20012fd4    00000010                      : I2CCC32XX.oem4 (.const:I2C_defaultParams)
                  20012fe4    00000010                      : UARTCC32XX.oem4 (.const:dataLength)
                  20012ff4    00000010     ti_drivers_config.obj (.const:timerCC32XXHWAttrs)
                  20013004    0000000c     gpiointerrupt.obj (.const:.string)
                  20013010    0000000c     ti_drivers_config.obj (.const:UART_config)
                  2001301c    0000000c     drivers_cc32xx.a : Timer.oem4 (.const:defaultParams)
                  20013028    0000000c                      : TimerCC32XX.oem4 (.const:defaultParams)
                  20013034    00000009     ti_drivers_config.obj (.const)
                  2001303d    00000003     --HOLE-- [fill = 0]
                  20013040    00000008     ti_drivers_config.obj (.const:I2C_config)
                  20013048    00000008     ti_drivers_config.obj (.const:Timer_config)
                  20013050    00000008     drivers_cc32xx.a : GPIOCC32XX.oem4 (.const:outPinTypes)
                  20013058    00000008                      : UARTCC32XX.oem4 (.const:stopBits)
                  20013060    00000006                      : GPIOCC32XX.oem4 (.const:.string:interruptType)
                  20013066    00000006                      : GPIOCC32XX.oem4 (.const:inPinTypes)
                  2001306c    00000006                      : GPIOCC32XX.oem4 (.const:outPinStrengths)
                  20013072    00000004                      : GPIOCC32XX.oem4 (.const:.string:portInterruptIds)

.cinit     0    200134a0    000000f8     
                  200134a0    000000d2     (.cinit..data.load) [load image, compression = lzss]
                  20013572    00000002     --HOLE-- [fill = 0]
                  20013574    0000000c     (__TI_handler_table)
                  20013580    00000008     (.cinit..bss.load) [load image, compression = zero_init]
                  20013588    00000010     (__TI_cinit_table)

.init_array 
*          0    20004000    00000000     UNINITIALIZED

.ramVecs   0    20000000    0000030c     NOLOAD SECTION
                  20000000    0000030c     nortos_cc32xx.a : startup_cc32xx_ccs.oem4 (.ramVecs)

.stack     0    20003000    00001000     UNINITIALIZED
                  20003000    00000004     rtsv7M4_T_le_eabi.lib : boot_cortex_m.c.obj (.stack)
                  20003004    00000ffc     --HOLE--

.resetVecs 
*          0    20004000    00000040     
                  20004000    00000040     nortos_cc32xx.a : startup_cc32xx_ccs.oem4 (.resetVecs:retain)

.sysmem    0    20004040    00008000     UNINITIALIZED
                  20004040    00000010     rtsv7M4_T_le_eabi.lib : memory.c.obj (.sysmem)
                  20004050    00007ff0     --HOLE--

.data      0    20012578    000005cc     UNINITIALIZED
                  20012578    0000030c     nortos_cc32xx.a : HwiPCC32XX_nortos.oem4 (.data:HwiP_dispatchTable)
                  20012884    0000016c     drivers_cc32xx.a : PowerCC32XX.oem4 (.data:PowerCC32XX_module)
                  200129f0    000000f8     ti_drivers_config.obj (.data:parkInfo)
                  20012ae8    0000000c     ti_drivers_config.obj (.data:gpioCallbackFunctions)
                  20012af4    0000000c     ti_drivers_config.obj (.data:gpioPinConfigs)
                  20012b00    0000000c     gpiointerrupt.obj (.data)
                  20012b0c    00000009     drivers_cc32xx.a : GPIOCC32XX.oem4 (.data)
                  20012b15    00000003     nortos_cc32xx.a : SemaphoreP_nortos.oem4 (.data)
                  20012b18    00000008     rtsv7M4_T_le_eabi.lib : _lock.c.obj (.data:$O1$$)
                  20012b20    00000008                           : memory.c.obj (.data:$O1$$)
                  20012b28    00000008     nortos_cc32xx.a : SemaphoreP_nortos.oem4 (.data:SemaphoreP_defaultParams)
                  20012b30    00000008                     : HwiPCC32XX_nortos.oem4 (.data)
                  20012b38    00000005                     : ClockPSysTick_nortos.oem4 (.data)
                  20012b3d    00000001     drivers_cc32xx.a : UART.oem4 (.data)
                  20012b3e    00000002     --HOLE--
                  20012b40    00000004     rtsv7M4_T_le_eabi.lib : errno.c.obj (.data)

.bss       0    20013078    00000424     UNINITIALIZED
                  20013078    0000012c     (.common:PowerCC32XX_contextSave)
                  200131a4    000000fc     (.common:i2cCC32XXObjects)
                  200132a0    00000084     (.common:timerCC32XXObjects)
                  20013324    00000084     (.common:uartCC32XXObjects0)
                  200133a8    00000040     (.common:output)
                  200133e8    00000020     drivers_cc32xx.a : GPIOCC32XX.oem4 (.bss:gpioCallbackInfo)
                  20013408    00000020     ti_drivers_config.obj (.bss:uartCC32XXRingBuffer0)
                  20013428    00000020     (.common:i2cTransaction)
                  20013448    00000014     drivers_cc32xx.a : GPIOCC32XX.oem4 (.bss:powerNotifyObj)
                  2001345c    00000004                      : GPIOCC32XX.oem4 (.bss)
                  20013460    00000010     (.common:ClockP_ctrl)
                  20013470    0000000d     nortos_cc32xx.a : SwiP_nortos.oem4 (.bss)
                  2001347d    00000001     (.common:BUTTON_STATE)
                  2001347e    00000002     --HOLE--
                  20013480    00000004                     : ClockPSysTick_nortos.oem4 (.bss)
                  20013484    00000004     drivers_cc32xx.a : TimerCC32XX.oem4 (.bss:timerState)
                  20013488    00000004     (.common:i2c)
                  2001348c    00000004     (.common:rxBuffer)
                  20013490    00000004     (.common:timer0)
                  20013494    00000004     (.common:txBuffer)
                  20013498    00000004     (.common:uart)

.log_data 
*          0    90000000    00000000     COPY SECTION

__llvm_prf_cnts 
*          0    20004000    00000000     UNINITIALIZED

MODULE SUMMARY

       Module                       code    ro data   rw data
       ------                       ----    -------   -------
    .\
       gpiointerrupt.obj            1680    84        129    
       main_nortos.obj              18      0         0      
    +--+----------------------------+-------+---------+---------+
       Total:                       1698    84        129    
                                                             
    .\syscfg\
       ti_drivers_config.obj        18      197       820    
    +--+----------------------------+-------+---------+---------+
       Total:                       18      197       820    
                                                             
    C:/ti/simplelink_cc32xx_sdk_5_20_00_06/kernel/nortos/lib/ccs/m4/nortos_cc32xx.a
       HwiPCC32XX_nortos.oem4       394     0         788    
       startup_cc32xx_ccs.oem4      90      64        780    
       ClockPSysTick_nortos.oem4    702     0         25     
       PowerCC32XX_nortos.oem4      472     0         0      
       SemaphoreP_nortos.oem4       410     0         11     
       SwiP_nortos.oem4             96      0         13     
    +--+----------------------------+-------+---------+---------+
       Total:                       2164    64        1617   
                                                             
    C:/ti/simplelink_cc32xx_sdk_5_20_00_06/source/ti/devices/cc32xx/driverlib/ccs/Release/driverlib.a
       prcm.obj                     1604    168       0      
       pin.obj                      280     256       0      
       interrupt.obj                334     48        0      
       i2c.obj                      318     0         0      
       timer.obj                    264     0         0      
       flash.obj                    72      0         0      
       uart.obj                     48      0         0      
       cpu.obj                      20      0         0      
       utils.obj                    6       0         0      
    +--+----------------------------+-------+---------+---------+
       Total:                       2946    472       0      
                                                             
    C:/ti/simplelink_cc32xx_sdk_5_20_00_06/source/ti/drivers/lib/ccs/m4/drivers_cc32xx.a
       UARTCC32XX.oem4              3466    116       0      
       PowerCC32XX.oem4             2432    0         664    
       I2CCC32XX.oem4               1452    16        0      
       GPIOCC32XX.oem4              1208    103       65     
       TimerCC32XX.oem4             876     12        4      
       I2C.oem4                     366     16        0      
       UART.oem4                    166     36        1      
       RingBuf.oem4                 198     0         0      
       Timer.oem4                   140     12        0      
       PowerCC32XX_asm.oem4         150     0         0      
       List.oem4                    76      0         0      
    +--+----------------------------+-------+---------+---------+
       Total:                       10530   311       734    
                                                             
    C:\ti\ccs1270\ccs\tools\compiler\ti-cgt-arm_20.2.7.LTS\lib\rtsv7M4_T_le_eabi.lib
       _printfi.c.obj               4835    0         0      
       memory.c.obj                 672     0         8      
       fd_add_t2.asm.obj            438     0         0      
       fd_div_t2.asm.obj            310     0         0      
       fd_cmp_t2.asm.obj            268     0         0      
       ctype.c.obj                  0       257       0      
       fd_mul_t2.asm.obj            252     0         0      
       s_scalbn.c.obj               208     0         0      
       memcpy_t2.asm.obj            156     0         0      
       ull_div_t2.asm.obj           150     0         0      
       snprintf.c.obj               148     0         0      
       fs_mul_t2.asm.obj            122     0         0      
       memset_t2.asm.obj            122     0         0      
       copy_decompress_lzss.c.obj   104     0         0      
       s_frexp.c.obj                92      0         0      
       _ltoa.c.obj                  84      0         0      
       atoi.c.obj                   76      0         0      
       fd_toi_t2.asm.obj            72      0         0      
       autoinit.c.obj               68      0         0      
       fs_toi_t2.asm.obj            56      0         0      
       i_tofs_t2.asm.obj            56      0         0      
       i_tofd_t2.asm.obj            46      0         0      
       boot_cortex_m.c.obj          36      0         0      
       memccpy.c.obj                28      0         0      
       ll_mul_t2.asm.obj            24      0         0      
       strchr.c.obj                 22      0         0      
       strlen.c.obj                 20      0         0      
       wcslen.c.obj                 18      0         0      
       copy_decompress_none.c.obj   14      0         0      
       copy_zero_init.c.obj         12      0         0      
       errno.c.obj                  8       0         4      
       s_copysign.c.obj             12      0         0      
       _lock.c.obj                  2       0         8      
       exit.c.obj                   4       0         0      
       pre_init.c.obj               4       0         0      
       div0.asm.obj                 2       0         0      
    +--+----------------------------+-------+---------+---------+
       Total:                       8541    257       20     
                                                             
       Heap:                        0       0         32768  
       Stack:                       0       0         4096   
       Linker Generated:            0       246       0      
    +--+----------------------------+-------+---------+---------+
       Grand Total:                 25897   1631      40184  


LINKER GENERATED COPY TABLES

__TI_cinit_table @ 20013588 records: 2, size/record: 8, table size: 16
	.data: load addr=200134a0, load size=000000d2 bytes, run addr=20012578, run size=000005cc bytes, compression=lzss
	.bss: load addr=20013580, load size=00000008 bytes, run addr=20013078, run size=00000424 bytes, compression=zero_init


LINKER GENERATED HANDLER TABLE

__TI_handler_table @ 20013574 records: 3, size/record: 4, table size: 12
	index: 0, handler: __TI_decompress_lzss
	index: 1, handler: __TI_decompress_none
	index: 2, handler: __TI_zero_init


GLOBAL SYMBOLS: SORTED ALPHABETICALLY BY Name 

address   name                             
-------   ----                             
2001347d  BUTTON_STATE                     
20012369  Board_init                       
2000ca8f  Board_initHook                   
20012573  C$$EXIT                          
20013034  CONFIG_GPIO_BUTTON_0_CONST       
20013035  CONFIG_GPIO_BUTTON_1_CONST       
20013036  CONFIG_GPIO_LED_0_CONST          
20013037  CONFIG_I2C_0_CONST               
20013039  CONFIG_TIMER_0_CONST             
2001303b  CONFIG_UART_0_CONST              
20012247  CPUcpsid                         
20012501  ClockP_Params_init               
20012379  ClockP_add                       
200114f5  ClockP_construct                 
20011ff1  ClockP_create                    
20013460  ClockP_ctrl                      
20012389  ClockP_delete                    
200116f5  ClockP_destruct                  
20010de5  ClockP_doTick                    
20012399  ClockP_getCpuFreq                
200123a9  ClockP_getSystemTicks            
2001199d  ClockP_getTicksUntilInterrupt    
2001250b  ClockP_isActive                  
200123b9  ClockP_setTicks                  
20012563  ClockP_setTimeout                
20011b09  ClockP_start                     
200119d1  ClockP_startup                   
20011291  ClockP_stop                      
20010de5  ClockP_sysTickHandler            
20012b38  ClockP_tickPeriod                
2001109d  FlashDisable                     
20012f60  GPIOCC32XX_config                
20010ed5  GPIO_enableInt                   
2001041d  GPIO_hwiIntFxn                   
2000ef61  GPIO_init                        
20010921  GPIO_setCallback                 
2000d5fd  GPIO_setConfig                   
20010a91  GPIO_write                       
200122fd  HwiP_Params_init                 
20012449  HwiP_clearInterrupt              
2000fe01  HwiP_construct                   
20011bf5  HwiP_create                      
200123c9  HwiP_delete                      
20011e87  HwiP_destruct                    
20012457  HwiP_disable                     
20012465  HwiP_disableInterrupt            
20011dd5  HwiP_dispatch                    
20012473  HwiP_enable                      
20012481  HwiP_enableInterrupt             
2001225d  HwiP_inISR                       
20012b30  HwiP_key                         
20012567  HwiP_post                        
200123d9  HwiP_restore                     
20012b34  HwiP_swiPIntNum                  
20011d3d  I2CFIFODataGetNonBlocking        
20011c73  I2CFIFODataPutNonBlocking        
200123e9  I2CFIFOStatus                    
200121d9  I2CMasterBurstLengthSet          
2001203f  I2CMasterBusBusy                 
2001230f  I2CMasterIntClearEx              
20012057  I2CMasterIntDisableEx            
2001206f  I2CMasterIntEnableEx             
20011f09  I2CMasterIntStatusEx             
20011e65  I2CMasterSlaveAddrSet            
20012087  I2CRxFIFOFlush                   
20012271  I2CSupport_masterFinish          
20012551  I2CSupport_powerRelConstraint    
20012557  I2CSupport_powerSetConstraint    
2001065f  I2CSupport_primeTransfer         
2001209f  I2CTxFIFOFlush                   
200123f9  I2C_Params_init                  
20011d63  I2C_cancel                       
20013040  I2C_config                       
20013038  I2C_count                        
20012fc4  I2C_defaultParams                
2000db63  I2C_init                         
2000e9f5  I2C_open                         
20012285  I2C_transfer                     
2000e473  I2C_transferTimeout              
UNDEFED   ITM_flush                        
UNDEFED   ITM_restore                      
2000f735  IntEnable                        
20012515  IntMasterDisable                 
2000fe8d  IntPendSet                       
20012299  IntVTableBaseSet                 
20011d89  List_put                         
20011daf  List_remove                      
20012473  NoRTOS_start                     
2000ca91  PRCMCC3200MCUInit                
200121ef  PRCMHIBRegRead                   
20012205  PRCMHIBRegWrite                  
200110e5  PRCMLPDSEnter                    
200117a9  PRCMLPDSEnterKeepDebugIf         
200112d5  PRCMLPDSRestoreInfoSet           
20011c9d  PRCMPeripheralClkDisable         
2001112d  PRCMPeripheralClkEnable          
20010ae9  PRCMPeripheralReset              
20010861  PRCMSysResetCauseGet             
2000ff15  PinConfigSet                     
20011a05  PinModeGet                       
20011535  PinModeSet                       
20011f81  PinToPadGet                      
20012df0  PowerCC32XX_config               
2000f7dd  PowerCC32XX_configureWakeup      
20013078  PowerCC32XX_contextSave          
20011319  PowerCC32XX_enterLPDS            
20011bc9  PowerCC32XX_getParkState         
2000ecdf  PowerCC32XX_initPolicy           
20012884  PowerCC32XX_module               
20010f6d  PowerCC32XX_parkPin              
20011df9  PowerCC32XX_reset                
20011a39  PowerCC32XX_restoreParkState     
20011b39  PowerCC32XX_restoreParkedPin     
20010ced  PowerCC32XX_resumeLPDS           
20010799  PowerCC32XX_setParkState         
2000db65  PowerCC32XX_sleepPolicy          
200122ad  Power_disablePolicy              
20012409  Power_enablePolicy               
200124c5  Power_getConstraintMask          
200122c1  Power_getDependencyCount         
200120b9  Power_getTransitionLatency       
200120d1  Power_idleFunc                   
200100a9  Power_init                       
20011cc5  Power_registerNotify             
20011175  Power_releaseConstraint          
20010b41  Power_releaseDependency          
20011731  Power_setConstraint              
200101b1  Power_setDependency              
2000e0cd  Power_sleep                      
20011ea9  Power_unregisterNotify           
20012321  RingBuf_construct                
20011575  RingBuf_get                      
2001249d  RingBuf_isFull                   
20011ec9  RingBuf_peek                     
20011205  RingBuf_put                      
20012419  SemaphoreP_Params_init           
20010e35  SemaphoreP_construct             
20011f27  SemaphoreP_constructBinary       
2001221b  SemaphoreP_create                
2001200b  SemaphoreP_createBinary          
20012b28  SemaphoreP_defaultParams         
2001256b  SemaphoreP_delete                
2000ef5f  SemaphoreP_destruct              
2000f9c9  SemaphoreP_pend                  
2001135d  SemaphoreP_post                  
20011f9d  SwiP_disable                     
200113a1  SwiP_restore                     
20010e85  TimerCC32XX_allocateTimerResource
20011a6d  TimerCC32XX_freeTimerResource    
200118f9  TimerControlStall                
20011f45  TimerDisable                     
20011f63  TimerEnable                      
20012b00  TimerFlag                        
20012333  TimerIntClear                    
200120e9  TimerIntDisable                  
20012101  TimerIntEnable                   
20011c1f  TimerLoadSet                     
20011c49  TimerPrescaleSet                 
20011e1d  TimerSupport_timerDisable        
200115b5  TimerSupport_timerEnable         
20012429  Timer_Params_init                
200115f5  Timer_close                      
20013048  Timer_config                     
2001303a  Timer_count                      
2000f25b  Timer_init                       
2000e205  Timer_open                       
200113e5  Timer_start                      
2001192f  Timer_stop                       
20012119  UARTBusy                         
2000e595  UARTCC32XX_close                 
2000ebed  UARTCC32XX_control               
20012e64  UARTCC32XX_fxnTable              
2000fd6f  UARTCC32XX_init                  
2000cebd  UARTCC32XX_open                  
20011635  UARTCC32XX_read                  
20011965  UARTCC32XX_readCancel            
2000f1a1  UARTCC32XX_readPolling           
2000ee95  UARTCC32XX_write                 
20010731  UARTCC32XX_writeCancel           
200107fd  UARTCC32XX_writePolling          
20012131  UARTIntEnable                    
20012149  UART_Params_init                 
20013010  UART_config                      
2001303c  UART_count                       
20012e8c  UART_defaultParams               
20011429  UART_init                        
20011675  UART_open                        
2001251f  UART_write                       
2001255d  UtilsDelay                       
20004000  __STACK_END                      
00001000  __STACK_SIZE                     
00008000  __SYSMEM_SIZE                    
20013588  __TI_CINIT_Base                  
20013598  __TI_CINIT_Limit                 
20013574  __TI_Handler_Table_Base          
20013580  __TI_Handler_Table_Limit         
2001146d  __TI_auto_init_nobinit_nopinit   
200106c9  __TI_decompress_lzss             
200124ab  __TI_decompress_none             
20010bef  __TI_ltoa                        
ffffffff  __TI_pprof_out_hndl              
2000c041  __TI_printfi                     
ffffffff  __TI_prof_data_size              
ffffffff  __TI_prof_data_start             
200134a0  __TI_static_base__               
200124dd  __TI_zero_init                   
2000ff9d  __aeabi_cdcmpeq                  
2000ff9d  __aeabi_cdcmple                  
20010023  __aeabi_cdrcmple                 
200111bd  __aeabi_d2iz                     
2000d9b7  __aeabi_dadd                     
2000e33d  __aeabi_ddiv                     
2000eaf1  __aeabi_dmul                     
2000d9ad  __aeabi_dsub                     
20012531  __aeabi_errno_addr               
20011889  __aeabi_f2iz                     
20010327  __aeabi_fmul                     
20011b99  __aeabi_i2d                      
200118c1  __aeabi_i2f                      
200117a7  __aeabi_idiv0                    
200117a7  __aeabi_ldiv0                    
200121a9  __aeabi_lmul                     
200103a1  __aeabi_memclr                   
200103a1  __aeabi_memclr4                  
200103a1  __aeabi_memclr8                  
2000fba5  __aeabi_memcpy                   
2000fba5  __aeabi_memcpy4                  
2000fba5  __aeabi_memcpy8                  
200103a3  __aeabi_memset                   
200103a3  __aeabi_memset4                  
200103a3  __aeabi_memset8                  
2000fcd9  __aeabi_uldivmod                 
ffffffff  __binit__                        
ffffffff  __c_args__                       
UNDEFED   __mpu_init                       
20003000  __stack                          
20004000  __start___llvm_prf_cnts          
20004000  __stop___llvm_prf_cnts           
20011e41  _c_int00_noargs                  
20012b44  _ctypes_                         
20012b18  _lock                            
2001041b  _nop                             
20004040  _sys_memory                      
UNDEFED   _system_post_cinit               
2001256f  _system_pre_init                 
20012b1c  _unlock                          
20012573  abort                            
2000e8f5  aligned_alloc                    
20010fb9  atoi                             
ffffffff  binit                            
200108c1  changeSetPoint                   
2001085f  clkFxn                           
200124d1  copysign                         
200124d1  copysignl                        
20012b40  errno                            
2000ece1  free                             
2001097d  frexp                            
2001097d  frexpl                           
20011d15  getTemperature                   
20012ae8  gpioCallbackFunctions            
20012179  gpioDecreaseTemperatureCallback  
20012191  gpioIncreaseTemperatureCallback  
20012af4  gpioPinConfigs                   
20013488  i2c                              
20012f88  i2cCC32XXHWAttrs                 
200131a4  i2cCC32XXObjects                 
20013428  i2cTransaction                   
20013066  inPinTypes                       
200109d9  initGPIO                         
2000d3ad  initI2C                          
20010c45  initTimer                        
200114b1  initUART                         
20011819  initVectors                      
2000edc5  ldexp                            
2000edc5  ldexpl                           
20012345  main                             
2000f0e5  mainThread                       
20012539  malloc                           
2000e8f5  memalign                         
20011fd5  memccpy                          
2000fba5  memcpy                           
200103a9  memset                           
2001306c  outPinStrengths                  
20013050  outPinTypes                      
200133a8  output                           
200129f0  parkInfo                         
2000e7d5  readTemp                         
20012025  resetISR                         
20012038  resetVectorAddr                  
20004000  resetVectors                     
2001348c  rxBuffer                         
2000edc5  scalbn                           
2000edc5  scalbnl                          
20012b08  seconds                          
2000fa69  setHeat                          
20012b04  setPoint                         
20011051  snprintf                         
20012231  strchr                           
200122e9  strlen                           
20012b02  temperature                      
20013490  timer0                           
20012ff4  timerCC32XXHWAttrs               
200132a0  timerCC32XXObjects               
200121c1  timerCallback                    
20013494  txBuffer                         
20013498  uart                             
20013324  uartCC32XXObjects0               
20012357  wcslen                           


GLOBAL SYMBOLS: SORTED BY Symbol Address 

address   name                             
-------   ----                             
00001000  __STACK_SIZE                     
00008000  __SYSMEM_SIZE                    
20003000  __stack                          
20004000  __STACK_END                      
20004000  __start___llvm_prf_cnts          
20004000  __stop___llvm_prf_cnts           
20004000  resetVectors                     
20004040  _sys_memory                      
2000c041  __TI_printfi                     
2000ca8f  Board_initHook                   
2000ca91  PRCMCC3200MCUInit                
2000cebd  UARTCC32XX_open                  
2000d3ad  initI2C                          
2000d5fd  GPIO_setConfig                   
2000d9ad  __aeabi_dsub                     
2000d9b7  __aeabi_dadd                     
2000db63  I2C_init                         
2000db65  PowerCC32XX_sleepPolicy          
2000e0cd  Power_sleep                      
2000e205  Timer_open                       
2000e33d  __aeabi_ddiv                     
2000e473  I2C_transferTimeout              
2000e595  UARTCC32XX_close                 
2000e7d5  readTemp                         
2000e8f5  aligned_alloc                    
2000e8f5  memalign                         
2000e9f5  I2C_open                         
2000eaf1  __aeabi_dmul                     
2000ebed  UARTCC32XX_control               
2000ecdf  PowerCC32XX_initPolicy           
2000ece1  free                             
2000edc5  ldexp                            
2000edc5  ldexpl                           
2000edc5  scalbn                           
2000edc5  scalbnl                          
2000ee95  UARTCC32XX_write                 
2000ef5f  SemaphoreP_destruct              
2000ef61  GPIO_init                        
2000f0e5  mainThread                       
2000f1a1  UARTCC32XX_readPolling           
2000f25b  Timer_init                       
2000f735  IntEnable                        
2000f7dd  PowerCC32XX_configureWakeup      
2000f9c9  SemaphoreP_pend                  
2000fa69  setHeat                          
2000fba5  __aeabi_memcpy                   
2000fba5  __aeabi_memcpy4                  
2000fba5  __aeabi_memcpy8                  
2000fba5  memcpy                           
2000fcd9  __aeabi_uldivmod                 
2000fd6f  UARTCC32XX_init                  
2000fe01  HwiP_construct                   
2000fe8d  IntPendSet                       
2000ff15  PinConfigSet                     
2000ff9d  __aeabi_cdcmpeq                  
2000ff9d  __aeabi_cdcmple                  
20010023  __aeabi_cdrcmple                 
200100a9  Power_init                       
200101b1  Power_setDependency              
20010327  __aeabi_fmul                     
200103a1  __aeabi_memclr                   
200103a1  __aeabi_memclr4                  
200103a1  __aeabi_memclr8                  
200103a3  __aeabi_memset                   
200103a3  __aeabi_memset4                  
200103a3  __aeabi_memset8                  
200103a9  memset                           
2001041b  _nop                             
2001041d  GPIO_hwiIntFxn                   
2001065f  I2CSupport_primeTransfer         
200106c9  __TI_decompress_lzss             
20010731  UARTCC32XX_writeCancel           
20010799  PowerCC32XX_setParkState         
200107fd  UARTCC32XX_writePolling          
2001085f  clkFxn                           
20010861  PRCMSysResetCauseGet             
200108c1  changeSetPoint                   
20010921  GPIO_setCallback                 
2001097d  frexp                            
2001097d  frexpl                           
200109d9  initGPIO                         
20010a91  GPIO_write                       
20010ae9  PRCMPeripheralReset              
20010b41  Power_releaseDependency          
20010bef  __TI_ltoa                        
20010c45  initTimer                        
20010ced  PowerCC32XX_resumeLPDS           
20010de5  ClockP_doTick                    
20010de5  ClockP_sysTickHandler            
20010e35  SemaphoreP_construct             
20010e85  TimerCC32XX_allocateTimerResource
20010ed5  GPIO_enableInt                   
20010f6d  PowerCC32XX_parkPin              
20010fb9  atoi                             
20011051  snprintf                         
2001109d  FlashDisable                     
200110e5  PRCMLPDSEnter                    
2001112d  PRCMPeripheralClkEnable          
20011175  Power_releaseConstraint          
200111bd  __aeabi_d2iz                     
20011205  RingBuf_put                      
20011291  ClockP_stop                      
200112d5  PRCMLPDSRestoreInfoSet           
20011319  PowerCC32XX_enterLPDS            
2001135d  SemaphoreP_post                  
200113a1  SwiP_restore                     
200113e5  Timer_start                      
20011429  UART_init                        
2001146d  __TI_auto_init_nobinit_nopinit   
200114b1  initUART                         
200114f5  ClockP_construct                 
20011535  PinModeSet                       
20011575  RingBuf_get                      
200115b5  TimerSupport_timerEnable         
200115f5  Timer_close                      
20011635  UARTCC32XX_read                  
20011675  UART_open                        
200116f5  ClockP_destruct                  
20011731  Power_setConstraint              
200117a7  __aeabi_idiv0                    
200117a7  __aeabi_ldiv0                    
200117a9  PRCMLPDSEnterKeepDebugIf         
20011819  initVectors                      
20011889  __aeabi_f2iz                     
200118c1  __aeabi_i2f                      
200118f9  TimerControlStall                
2001192f  Timer_stop                       
20011965  UARTCC32XX_readCancel            
2001199d  ClockP_getTicksUntilInterrupt    
200119d1  ClockP_startup                   
20011a05  PinModeGet                       
20011a39  PowerCC32XX_restoreParkState     
20011a6d  TimerCC32XX_freeTimerResource    
20011b09  ClockP_start                     
20011b39  PowerCC32XX_restoreParkedPin     
20011b99  __aeabi_i2d                      
20011bc9  PowerCC32XX_getParkState         
20011bf5  HwiP_create                      
20011c1f  TimerLoadSet                     
20011c49  TimerPrescaleSet                 
20011c73  I2CFIFODataPutNonBlocking        
20011c9d  PRCMPeripheralClkDisable         
20011cc5  Power_registerNotify             
20011d15  getTemperature                   
20011d3d  I2CFIFODataGetNonBlocking        
20011d63  I2C_cancel                       
20011d89  List_put                         
20011daf  List_remove                      
20011dd5  HwiP_dispatch                    
20011df9  PowerCC32XX_reset                
20011e1d  TimerSupport_timerDisable        
20011e41  _c_int00_noargs                  
20011e65  I2CMasterSlaveAddrSet            
20011e87  HwiP_destruct                    
20011ea9  Power_unregisterNotify           
20011ec9  RingBuf_peek                     
20011f09  I2CMasterIntStatusEx             
20011f27  SemaphoreP_constructBinary       
20011f45  TimerDisable                     
20011f63  TimerEnable                      
20011f81  PinToPadGet                      
20011f9d  SwiP_disable                     
20011fd5  memccpy                          
20011ff1  ClockP_create                    
2001200b  SemaphoreP_createBinary          
20012025  resetISR                         
20012038  resetVectorAddr                  
2001203f  I2CMasterBusBusy                 
20012057  I2CMasterIntDisableEx            
2001206f  I2CMasterIntEnableEx             
20012087  I2CRxFIFOFlush                   
2001209f  I2CTxFIFOFlush                   
200120b9  Power_getTransitionLatency       
200120d1  Power_idleFunc                   
200120e9  TimerIntDisable                  
20012101  TimerIntEnable                   
20012119  UARTBusy                         
20012131  UARTIntEnable                    
20012149  UART_Params_init                 
20012179  gpioDecreaseTemperatureCallback  
20012191  gpioIncreaseTemperatureCallback  
200121a9  __aeabi_lmul                     
200121c1  timerCallback                    
200121d9  I2CMasterBurstLengthSet          
200121ef  PRCMHIBRegRead                   
20012205  PRCMHIBRegWrite                  
2001221b  SemaphoreP_create                
20012231  strchr                           
20012247  CPUcpsid                         
2001225d  HwiP_inISR                       
20012271  I2CSupport_masterFinish          
20012285  I2C_transfer                     
20012299  IntVTableBaseSet                 
200122ad  Power_disablePolicy              
200122c1  Power_getDependencyCount         
200122e9  strlen                           
200122fd  HwiP_Params_init                 
2001230f  I2CMasterIntClearEx              
20012321  RingBuf_construct                
20012333  TimerIntClear                    
20012345  main                             
20012357  wcslen                           
20012369  Board_init                       
20012379  ClockP_add                       
20012389  ClockP_delete                    
20012399  ClockP_getCpuFreq                
200123a9  ClockP_getSystemTicks            
200123b9  ClockP_setTicks                  
200123c9  HwiP_delete                      
200123d9  HwiP_restore                     
200123e9  I2CFIFOStatus                    
200123f9  I2C_Params_init                  
20012409  Power_enablePolicy               
20012419  SemaphoreP_Params_init           
20012429  Timer_Params_init                
20012449  HwiP_clearInterrupt              
20012457  HwiP_disable                     
20012465  HwiP_disableInterrupt            
20012473  HwiP_enable                      
20012473  NoRTOS_start                     
20012481  HwiP_enableInterrupt             
2001249d  RingBuf_isFull                   
200124ab  __TI_decompress_none             
200124c5  Power_getConstraintMask          
200124d1  copysign                         
200124d1  copysignl                        
200124dd  __TI_zero_init                   
20012501  ClockP_Params_init               
2001250b  ClockP_isActive                  
20012515  IntMasterDisable                 
2001251f  UART_write                       
20012531  __aeabi_errno_addr               
20012539  malloc                           
20012551  I2CSupport_powerRelConstraint    
20012557  I2CSupport_powerSetConstraint    
2001255d  UtilsDelay                       
20012563  ClockP_setTimeout                
20012567  HwiP_post                        
2001256b  SemaphoreP_delete                
2001256f  _system_pre_init                 
20012573  C$$EXIT                          
20012573  abort                            
20012884  PowerCC32XX_module               
200129f0  parkInfo                         
20012ae8  gpioCallbackFunctions            
20012af4  gpioPinConfigs                   
20012b00  TimerFlag                        
20012b02  temperature                      
20012b04  setPoint                         
20012b08  seconds                          
20012b18  _lock                            
20012b1c  _unlock                          
20012b28  SemaphoreP_defaultParams         
20012b30  HwiP_key                         
20012b34  HwiP_swiPIntNum                  
20012b38  ClockP_tickPeriod                
20012b40  errno                            
20012b44  _ctypes_                         
20012df0  PowerCC32XX_config               
20012e64  UARTCC32XX_fxnTable              
20012e8c  UART_defaultParams               
20012f60  GPIOCC32XX_config                
20012f88  i2cCC32XXHWAttrs                 
20012fc4  I2C_defaultParams                
20012ff4  timerCC32XXHWAttrs               
20013010  UART_config                      
20013034  CONFIG_GPIO_BUTTON_0_CONST       
20013035  CONFIG_GPIO_BUTTON_1_CONST       
20013036  CONFIG_GPIO_LED_0_CONST          
20013037  CONFIG_I2C_0_CONST               
20013038  I2C_count                        
20013039  CONFIG_TIMER_0_CONST             
2001303a  Timer_count                      
2001303b  CONFIG_UART_0_CONST              
2001303c  UART_count                       
20013040  I2C_config                       
20013048  Timer_config                     
20013050  outPinTypes                      
20013066  inPinTypes                       
2001306c  outPinStrengths                  
20013078  PowerCC32XX_contextSave          
200131a4  i2cCC32XXObjects                 
200132a0  timerCC32XXObjects               
20013324  uartCC32XXObjects0               
200133a8  output                           
20013428  i2cTransaction                   
20013460  ClockP_ctrl                      
2001347d  BUTTON_STATE                     
20013488  i2c                              
2001348c  rxBuffer                         
20013490  timer0                           
20013494  txBuffer                         
20013498  uart                             
200134a0  __TI_static_base__               
20013574  __TI_Handler_Table_Base          
20013580  __TI_Handler_Table_Limit         
20013588  __TI_CINIT_Base                  
20013598  __TI_CINIT_Limit                 
ffffffff  __TI_pprof_out_hndl              
ffffffff  __TI_prof_data_size              
ffffffff  __TI_prof_data_start             
ffffffff  __binit__                        
ffffffff  __c_args__                       
ffffffff  binit                            
UNDEFED   ITM_flush                        
UNDEFED   ITM_restore                      
UNDEFED   __mpu_init                       
UNDEFED   _system_post_cinit               

[308 symbols]
